[2020-03-12T07:43:19.593-0100][gc,heap] Heap region size: 1M
[2020-03-12T07:43:19.602-0100][gc     ] Using G1
[2020-03-12T07:43:19.602-0100][gc,heap,coops] Heap address: 0x00000007c0000000, size: 1024 MB, Compressed Oops mode: Zero based, Oop shift amount: 3
[2020-03-12T07:43:19.602-0100][gc,cds       ] Mark closed archive regions in map: [0x00000007fff00000, 0x00000007fff6fff8]
[2020-03-12T07:43:19.602-0100][gc,cds       ] Mark open archive regions in map: [0x00000007ffe00000, 0x00000007ffe45ff8]
[2020-03-12T07:43:19.618-0100][gc           ] Periodic GC disabled
[2020-03-12T07:43:20.435-0100][gc,start     ] GC(0) Pause Young (Normal) (G1 Evacuation Pause)
[2020-03-12T07:43:20.435-0100][gc,task      ] GC(0) Using 10 workers of 10 for evacuation
[2020-03-12T07:43:20.443-0100][gc,phases    ] GC(0)   Pre Evacuate Collection Set: 0.0ms
[2020-03-12T07:43:20.443-0100][gc,phases    ] GC(0)   Evacuate Collection Set: 7.3ms
[2020-03-12T07:43:20.443-0100][gc,phases    ] GC(0)   Post Evacuate Collection Set: 0.3ms
[2020-03-12T07:43:20.443-0100][gc,phases    ] GC(0)   Other: 0.7ms
[2020-03-12T07:43:20.443-0100][gc,heap      ] GC(0) Eden regions: 51->0(44)
[2020-03-12T07:43:20.443-0100][gc,heap      ] GC(0) Survivor regions: 0->7(7)
[2020-03-12T07:43:20.443-0100][gc,heap      ] GC(0) Old regions: 0->0
[2020-03-12T07:43:20.443-0100][gc,heap      ] GC(0) Archive regions: 2->2
[2020-03-12T07:43:20.443-0100][gc,heap      ] GC(0) Humongous regions: 1->1
[2020-03-12T07:43:20.443-0100][gc,metaspace ] GC(0) Metaspace: 13881K->13881K(1062912K)
[2020-03-12T07:43:20.443-0100][gc           ] GC(0) Pause Young (Normal) (G1 Evacuation Pause) 52M->7M(1024M) 8.466ms
[2020-03-12T07:43:20.443-0100][gc,cpu       ] GC(0) User=0.02s Sys=0.01s Real=0.01s
[2020-03-12T07:43:20.996-0100][gc,start     ] GC(1) Pause Young (Concurrent Start) (Metadata GC Threshold)
[2020-03-12T07:43:20.997-0100][gc,task      ] GC(1) Using 10 workers of 10 for evacuation
[2020-03-12T07:43:21.003-0100][gc,phases    ] GC(1)   Pre Evacuate Collection Set: 0.0ms
[2020-03-12T07:43:21.003-0100][gc,phases    ] GC(1)   Evacuate Collection Set: 5.7ms
[2020-03-12T07:43:21.003-0100][gc,phases    ] GC(1)   Post Evacuate Collection Set: 0.3ms
[2020-03-12T07:43:21.003-0100][gc,phases    ] GC(1)   Other: 0.2ms
[2020-03-12T07:43:21.003-0100][gc,heap      ] GC(1) Eden regions: 39->0(49)
[2020-03-12T07:43:21.003-0100][gc,heap      ] GC(1) Survivor regions: 7->2(7)
[2020-03-12T07:43:21.003-0100][gc,heap      ] GC(1) Old regions: 0->7
[2020-03-12T07:43:21.003-0100][gc,heap      ] GC(1) Archive regions: 2->2
[2020-03-12T07:43:21.003-0100][gc,heap      ] GC(1) Humongous regions: 130->130
[2020-03-12T07:43:21.003-0100][gc,metaspace ] GC(1) Metaspace: 20612K->20612K(1067008K)
[2020-03-12T07:43:21.003-0100][gc           ] GC(1) Pause Young (Concurrent Start) (Metadata GC Threshold) 175M->138M(1024M) 6.324ms
[2020-03-12T07:43:21.003-0100][gc,cpu       ] GC(1) User=0.03s Sys=0.01s Real=0.01s
[2020-03-12T07:43:21.003-0100][gc           ] GC(2) Concurrent Cycle
[2020-03-12T07:43:21.003-0100][gc,marking   ] GC(2) Concurrent Clear Claimed Marks
[2020-03-12T07:43:21.003-0100][gc,marking   ] GC(2) Concurrent Clear Claimed Marks 0.017ms
[2020-03-12T07:43:21.003-0100][gc,marking   ] GC(2) Concurrent Scan Root Regions
[2020-03-12T07:43:21.005-0100][gc,marking   ] GC(2) Concurrent Scan Root Regions 1.575ms
[2020-03-12T07:43:21.005-0100][gc,marking   ] GC(2) Concurrent Mark (1.421s)
[2020-03-12T07:43:21.005-0100][gc,marking   ] GC(2) Concurrent Mark From Roots
[2020-03-12T07:43:21.005-0100][gc,task      ] GC(2) Using 3 workers of 3 for marking
[2020-03-12T07:43:21.006-0100][gc,marking   ] GC(2) Concurrent Mark From Roots 1.063ms
[2020-03-12T07:43:21.006-0100][gc,marking   ] GC(2) Concurrent Preclean
[2020-03-12T07:43:21.006-0100][gc,marking   ] GC(2) Concurrent Preclean 0.034ms
[2020-03-12T07:43:21.006-0100][gc,marking   ] GC(2) Concurrent Mark (1.421s, 1.422s) 1.148ms
[2020-03-12T07:43:21.006-0100][gc,start     ] GC(2) Pause Remark
[2020-03-12T07:43:21.006-0100][gc,stringtable] GC(2) Cleaned string table, strings: 5898 processed, 0 removed
[2020-03-12T07:43:21.007-0100][gc            ] GC(2) Pause Remark 139M->139M(1024M) 0.756ms
[2020-03-12T07:43:21.007-0100][gc,cpu        ] GC(2) User=0.00s Sys=0.00s Real=0.00s
[2020-03-12T07:43:21.007-0100][gc,marking    ] GC(2) Concurrent Rebuild Remembered Sets
[2020-03-12T07:43:21.008-0100][gc,marking    ] GC(2) Concurrent Rebuild Remembered Sets 1.549ms
[2020-03-12T07:43:21.008-0100][gc,start      ] GC(2) Pause Cleanup
[2020-03-12T07:43:21.008-0100][gc            ] GC(2) Pause Cleanup 140M->140M(1024M) 0.129ms
[2020-03-12T07:43:21.008-0100][gc,cpu        ] GC(2) User=0.00s Sys=0.00s Real=0.00s
[2020-03-12T07:43:21.009-0100][gc,marking    ] GC(2) Concurrent Cleanup for Next Mark
[2020-03-12T07:43:21.013-0100][gc,marking    ] GC(2) Concurrent Cleanup for Next Mark 4.253ms
[2020-03-12T07:43:21.013-0100][gc            ] GC(2) Concurrent Cycle 9.927ms
[2020-03-12T07:43:21.400-0100][gc,start      ] GC(3) Pause Young (Normal) (G1 Evacuation Pause)
[2020-03-12T07:43:21.400-0100][gc,task       ] GC(3) Using 10 workers of 10 for evacuation
[2020-03-12T07:43:21.403-0100][gc,phases     ] GC(3)   Pre Evacuate Collection Set: 0.0ms
[2020-03-12T07:43:21.403-0100][gc,phases     ] GC(3)   Evacuate Collection Set: 2.6ms
[2020-03-12T07:43:21.403-0100][gc,phases     ] GC(3)   Post Evacuate Collection Set: 0.2ms
[2020-03-12T07:43:21.403-0100][gc,phases     ] GC(3)   Other: 0.1ms
[2020-03-12T07:43:21.403-0100][gc,heap       ] GC(3) Eden regions: 49->0(45)
[2020-03-12T07:43:21.403-0100][gc,heap       ] GC(3) Survivor regions: 2->6(7)
[2020-03-12T07:43:21.403-0100][gc,heap       ] GC(3) Old regions: 7->7
[2020-03-12T07:43:21.403-0100][gc,heap       ] GC(3) Archive regions: 2->2
[2020-03-12T07:43:21.403-0100][gc,heap       ] GC(3) Humongous regions: 130->130
[2020-03-12T07:43:21.403-0100][gc,metaspace  ] GC(3) Metaspace: 28657K->28657K(1075200K)
[2020-03-12T07:43:21.403-0100][gc            ] GC(3) Pause Young (Normal) (G1 Evacuation Pause) 187M->142M(1024M) 3.069ms
[2020-03-12T07:43:21.403-0100][gc,cpu        ] GC(3) User=0.03s Sys=0.00s Real=0.00s
[2020-03-12T07:46:21.044-0100][gc,start      ] GC(4) Pause Young (Normal) (G1 Evacuation Pause)
[2020-03-12T07:46:21.045-0100][gc,task       ] GC(4) Using 10 workers of 10 for evacuation
[2020-03-12T07:46:21.050-0100][gc,phases     ] GC(4)   Pre Evacuate Collection Set: 0.0ms
[2020-03-12T07:46:21.050-0100][gc,phases     ] GC(4)   Evacuate Collection Set: 4.6ms
[2020-03-12T07:46:21.050-0100][gc,phases     ] GC(4)   Post Evacuate Collection Set: 0.3ms
[2020-03-12T07:46:21.050-0100][gc,phases     ] GC(4)   Other: 0.2ms
[2020-03-12T07:46:21.050-0100][gc,heap       ] GC(4) Eden regions: 45->0(49)
[2020-03-12T07:46:21.050-0100][gc,heap       ] GC(4) Survivor regions: 6->2(7)
[2020-03-12T07:46:21.050-0100][gc,heap       ] GC(4) Old regions: 7->12
[2020-03-12T07:46:21.050-0100][gc,heap       ] GC(4) Archive regions: 2->2
[2020-03-12T07:46:21.050-0100][gc,heap       ] GC(4) Humongous regions: 136->130
[2020-03-12T07:46:21.050-0100][gc,metaspace  ] GC(4) Metaspace: 33554K->33554K(1079296K)
[2020-03-12T07:46:21.050-0100][gc            ] GC(4) Pause Young (Normal) (G1 Evacuation Pause) 193M->143M(1024M) 5.414ms
[2020-03-12T07:46:21.050-0100][gc,cpu        ] GC(4) User=0.04s Sys=0.01s Real=0.01s
[2020-03-12T07:53:26.906-0100][gc,start      ] GC(5) Pause Young (Normal) (G1 Evacuation Pause)
[2020-03-12T07:53:26.906-0100][gc,task       ] GC(5) Using 10 workers of 10 for evacuation
[2020-03-12T07:53:26.909-0100][gc,phases     ] GC(5)   Pre Evacuate Collection Set: 0.0ms
[2020-03-12T07:53:26.909-0100][gc,phases     ] GC(5)   Evacuate Collection Set: 2.4ms
[2020-03-12T07:53:26.909-0100][gc,phases     ] GC(5)   Post Evacuate Collection Set: 0.3ms
[2020-03-12T07:53:26.909-0100][gc,phases     ] GC(5)   Other: 0.2ms
[2020-03-12T07:53:26.909-0100][gc,heap       ] GC(5) Eden regions: 49->0(48)
[2020-03-12T07:53:26.909-0100][gc,heap       ] GC(5) Survivor regions: 2->3(7)
[2020-03-12T07:53:26.909-0100][gc,heap       ] GC(5) Old regions: 12->12
[2020-03-12T07:53:26.909-0100][gc,heap       ] GC(5) Archive regions: 2->2
[2020-03-12T07:53:26.909-0100][gc,heap       ] GC(5) Humongous regions: 130->130
[2020-03-12T07:53:26.909-0100][gc,metaspace  ] GC(5) Metaspace: 34589K->34589K(1081344K)
[2020-03-12T07:53:26.909-0100][gc            ] GC(5) Pause Young (Normal) (G1 Evacuation Pause) 192M->144M(1024M) 3.203ms
[2020-03-12T07:53:26.909-0100][gc,cpu        ] GC(5) User=0.02s Sys=0.00s Real=0.00s
[2020-03-12T07:54:14.872-0100][gc,start      ] GC(6) Pause Young (Concurrent Start) (Metadata GC Threshold)
[2020-03-12T07:54:14.872-0100][gc,task       ] GC(6) Using 10 workers of 10 for evacuation
[2020-03-12T07:54:14.875-0100][gc,phases     ] GC(6)   Pre Evacuate Collection Set: 0.0ms
[2020-03-12T07:54:14.875-0100][gc,phases     ] GC(6)   Evacuate Collection Set: 2.7ms
[2020-03-12T07:54:14.875-0100][gc,phases     ] GC(6)   Post Evacuate Collection Set: 0.2ms
[2020-03-12T07:54:14.875-0100][gc,phases     ] GC(6)   Other: 0.2ms
[2020-03-12T07:54:14.875-0100][gc,heap       ] GC(6) Eden regions: 10->0(48)
[2020-03-12T07:54:14.875-0100][gc,heap       ] GC(6) Survivor regions: 3->3(7)
[2020-03-12T07:54:14.875-0100][gc,heap       ] GC(6) Old regions: 12->12
[2020-03-12T07:54:14.876-0100][gc,heap       ] GC(6) Archive regions: 2->2
[2020-03-12T07:54:14.876-0100][gc,heap       ] GC(6) Humongous regions: 130->130
[2020-03-12T07:54:14.876-0100][gc,metaspace  ] GC(6) Metaspace: 34866K->34866K(1081344K)
[2020-03-12T07:54:14.876-0100][gc            ] GC(6) Pause Young (Concurrent Start) (Metadata GC Threshold) 154M->144M(1024M) 3.327ms
[2020-03-12T07:54:14.876-0100][gc,cpu        ] GC(6) User=0.02s Sys=0.00s Real=0.00s
[2020-03-12T07:54:14.876-0100][gc            ] GC(7) Concurrent Cycle
[2020-03-12T07:54:14.876-0100][gc,marking    ] GC(7) Concurrent Clear Claimed Marks
[2020-03-12T07:54:14.876-0100][gc,marking    ] GC(7) Concurrent Clear Claimed Marks 0.028ms
[2020-03-12T07:54:14.876-0100][gc,marking    ] GC(7) Concurrent Scan Root Regions
[2020-03-12T07:54:14.877-0100][gc,marking    ] GC(7) Concurrent Scan Root Regions 1.115ms
[2020-03-12T07:54:14.877-0100][gc,marking    ] GC(7) Concurrent Mark (655.289s)
[2020-03-12T07:54:14.877-0100][gc,marking    ] GC(7) Concurrent Mark From Roots
[2020-03-12T07:54:14.877-0100][gc,task       ] GC(7) Using 3 workers of 3 for marking
[2020-03-12T07:54:14.883-0100][gc,marking    ] GC(7) Concurrent Mark From Roots 6.416ms
[2020-03-12T07:54:14.883-0100][gc,marking    ] GC(7) Concurrent Preclean
[2020-03-12T07:54:14.883-0100][gc,marking    ] GC(7) Concurrent Preclean 0.065ms
[2020-03-12T07:54:14.883-0100][gc,marking    ] GC(7) Concurrent Mark (655.289s, 655.295s) 6.546ms
[2020-03-12T07:54:14.884-0100][gc,start      ] GC(7) Pause Remark
[2020-03-12T07:54:14.885-0100][gc,stringtable] GC(7) Cleaned string table, strings: 12746 processed, 748 removed
[2020-03-12T07:54:14.885-0100][gc            ] GC(7) Pause Remark 145M->145M(1024M) 1.516ms
[2020-03-12T07:54:14.885-0100][gc,cpu        ] GC(7) User=0.01s Sys=0.00s Real=0.00s
[2020-03-12T07:54:14.885-0100][gc,marking    ] GC(7) Concurrent Rebuild Remembered Sets
[2020-03-12T07:54:14.889-0100][gc,marking    ] GC(7) Concurrent Rebuild Remembered Sets 3.822ms
[2020-03-12T07:54:14.889-0100][gc,start      ] GC(7) Pause Cleanup
[2020-03-12T07:54:14.889-0100][gc            ] GC(7) Pause Cleanup 145M->145M(1024M) 0.136ms
[2020-03-12T07:54:14.889-0100][gc,cpu        ] GC(7) User=0.00s Sys=0.00s Real=0.00s
[2020-03-12T07:54:14.889-0100][gc,marking    ] GC(7) Concurrent Cleanup for Next Mark
[2020-03-12T07:54:14.894-0100][gc,marking    ] GC(7) Concurrent Cleanup for Next Mark 4.658ms
[2020-03-12T07:54:14.894-0100][gc            ] GC(7) Concurrent Cycle 18.399ms
[2020-03-12T07:54:18.190-0100][gc,heap,exit  ] Heap
[2020-03-12T07:54:18.190-0100][gc,heap,exit  ]  garbage-first heap   total 1048576K, used 153461K [0x00000007c0000000, 0x0000000800000000)
[2020-03-12T07:54:18.190-0100][gc,heap,exit  ]   region size 1024K, 10 young (10240K), 3 survivors (3072K)
[2020-03-12T07:54:18.190-0100][gc,heap,exit  ]  Metaspace       used 35201K, capacity 35703K, committed 36304K, reserved 1081344K
[2020-03-12T07:54:18.190-0100][gc,heap,exit  ]   class space    used 4491K, capacity 4669K, committed 4736K, reserved 1048576K
