[2020-03-12T07:07:16.192-0100][gc,heap] Heap region size: 1M
[2020-03-12T07:07:16.201-0100][gc     ] Using G1
[2020-03-12T07:07:16.201-0100][gc,heap,coops] Heap address: 0x00000007c0000000, size: 1024 MB, Compressed Oops mode: Zero based, Oop shift amount: 3
[2020-03-12T07:07:16.202-0100][gc,cds       ] Mark closed archive regions in map: [0x00000007fff00000, 0x00000007fff6fff8]
[2020-03-12T07:07:16.202-0100][gc,cds       ] Mark open archive regions in map: [0x00000007ffe00000, 0x00000007ffe45ff8]
[2020-03-12T07:07:16.221-0100][gc           ] Periodic GC disabled
[2020-03-12T07:07:17.189-0100][gc,start     ] GC(0) Pause Young (Normal) (G1 Evacuation Pause)
[2020-03-12T07:07:17.189-0100][gc,task      ] GC(0) Using 10 workers of 10 for evacuation
[2020-03-12T07:07:17.198-0100][gc,phases    ] GC(0)   Pre Evacuate Collection Set: 0.0ms
[2020-03-12T07:07:17.198-0100][gc,phases    ] GC(0)   Evacuate Collection Set: 7.8ms
[2020-03-12T07:07:17.198-0100][gc,phases    ] GC(0)   Post Evacuate Collection Set: 0.3ms
[2020-03-12T07:07:17.198-0100][gc,phases    ] GC(0)   Other: 0.7ms
[2020-03-12T07:07:17.198-0100][gc,heap      ] GC(0) Eden regions: 51->0(44)
[2020-03-12T07:07:17.198-0100][gc,heap      ] GC(0) Survivor regions: 0->7(7)
[2020-03-12T07:07:17.198-0100][gc,heap      ] GC(0) Old regions: 0->0
[2020-03-12T07:07:17.198-0100][gc,heap      ] GC(0) Archive regions: 2->2
[2020-03-12T07:07:17.198-0100][gc,heap      ] GC(0) Humongous regions: 1->1
[2020-03-12T07:07:17.198-0100][gc,metaspace ] GC(0) Metaspace: 13889K->13889K(1062912K)
[2020-03-12T07:07:17.198-0100][gc           ] GC(0) Pause Young (Normal) (G1 Evacuation Pause) 52M->7M(1024M) 8.983ms
[2020-03-12T07:07:17.198-0100][gc,cpu       ] GC(0) User=0.03s Sys=0.01s Real=0.01s
[2020-03-12T07:07:17.588-0100][gc,start     ] GC(1) Pause Young (Concurrent Start) (Metadata GC Threshold)
[2020-03-12T07:07:17.588-0100][gc,task      ] GC(1) Using 10 workers of 10 for evacuation
[2020-03-12T07:07:17.595-0100][gc,phases    ] GC(1)   Pre Evacuate Collection Set: 0.0ms
[2020-03-12T07:07:17.595-0100][gc,phases    ] GC(1)   Evacuate Collection Set: 6.5ms
[2020-03-12T07:07:17.596-0100][gc,phases    ] GC(1)   Post Evacuate Collection Set: 0.3ms
[2020-03-12T07:07:17.596-0100][gc,phases    ] GC(1)   Other: 0.3ms
[2020-03-12T07:07:17.596-0100][gc,heap      ] GC(1) Eden regions: 34->0(49)
[2020-03-12T07:07:17.596-0100][gc,heap      ] GC(1) Survivor regions: 7->2(7)
[2020-03-12T07:07:17.596-0100][gc,heap      ] GC(1) Old regions: 0->7
[2020-03-12T07:07:17.596-0100][gc,heap      ] GC(1) Archive regions: 2->2
[2020-03-12T07:07:17.596-0100][gc,heap      ] GC(1) Humongous regions: 130->130
[2020-03-12T07:07:17.596-0100][gc,metaspace ] GC(1) Metaspace: 20613K->20613K(1067008K)
[2020-03-12T07:07:17.596-0100][gc           ] GC(1) Pause Young (Concurrent Start) (Metadata GC Threshold) 170M->138M(1024M) 7.244ms
[2020-03-12T07:07:17.596-0100][gc,cpu       ] GC(1) User=0.04s Sys=0.00s Real=0.01s
[2020-03-12T07:07:17.596-0100][gc           ] GC(2) Concurrent Cycle
[2020-03-12T07:07:17.596-0100][gc,marking   ] GC(2) Concurrent Clear Claimed Marks
[2020-03-12T07:07:17.596-0100][gc,marking   ] GC(2) Concurrent Clear Claimed Marks 0.021ms
[2020-03-12T07:07:17.596-0100][gc,marking   ] GC(2) Concurrent Scan Root Regions
[2020-03-12T07:07:17.598-0100][gc,marking   ] GC(2) Concurrent Scan Root Regions 1.818ms
[2020-03-12T07:07:17.598-0100][gc,marking   ] GC(2) Concurrent Mark (1.414s)
[2020-03-12T07:07:17.598-0100][gc,marking   ] GC(2) Concurrent Mark From Roots
[2020-03-12T07:07:17.598-0100][gc,task      ] GC(2) Using 3 workers of 3 for marking
[2020-03-12T07:07:17.599-0100][gc,marking   ] GC(2) Concurrent Mark From Roots 1.370ms
[2020-03-12T07:07:17.599-0100][gc,marking   ] GC(2) Concurrent Preclean
[2020-03-12T07:07:17.599-0100][gc,marking   ] GC(2) Concurrent Preclean 0.049ms
[2020-03-12T07:07:17.599-0100][gc,marking   ] GC(2) Concurrent Mark (1.414s, 1.416s) 1.499ms
[2020-03-12T07:07:17.599-0100][gc,start     ] GC(2) Pause Remark
[2020-03-12T07:07:17.600-0100][gc,stringtable] GC(2) Cleaned string table, strings: 5931 processed, 0 removed
[2020-03-12T07:07:17.600-0100][gc            ] GC(2) Pause Remark 139M->139M(1024M) 0.683ms
[2020-03-12T07:07:17.600-0100][gc,cpu        ] GC(2) User=0.01s Sys=0.00s Real=0.01s
[2020-03-12T07:07:17.600-0100][gc,marking    ] GC(2) Concurrent Rebuild Remembered Sets
[2020-03-12T07:07:17.602-0100][gc,marking    ] GC(2) Concurrent Rebuild Remembered Sets 1.783ms
[2020-03-12T07:07:17.602-0100][gc,start      ] GC(2) Pause Cleanup
[2020-03-12T07:07:17.602-0100][gc            ] GC(2) Pause Cleanup 139M->139M(1024M) 0.129ms
[2020-03-12T07:07:17.602-0100][gc,cpu        ] GC(2) User=0.00s Sys=0.00s Real=0.00s
[2020-03-12T07:07:17.602-0100][gc,marking    ] GC(2) Concurrent Cleanup for Next Mark
[2020-03-12T07:07:17.607-0100][gc,marking    ] GC(2) Concurrent Cleanup for Next Mark 4.452ms
[2020-03-12T07:07:17.607-0100][gc            ] GC(2) Concurrent Cycle 11.076ms
[2020-03-12T07:07:18.160-0100][gc,start      ] GC(3) Pause Young (Normal) (G1 Evacuation Pause)
[2020-03-12T07:07:18.160-0100][gc,task       ] GC(3) Using 10 workers of 10 for evacuation
[2020-03-12T07:07:18.163-0100][gc,phases     ] GC(3)   Pre Evacuate Collection Set: 0.0ms
[2020-03-12T07:07:18.163-0100][gc,phases     ] GC(3)   Evacuate Collection Set: 2.7ms
[2020-03-12T07:07:18.163-0100][gc,phases     ] GC(3)   Post Evacuate Collection Set: 0.2ms
[2020-03-12T07:07:18.163-0100][gc,phases     ] GC(3)   Other: 0.1ms
[2020-03-12T07:07:18.163-0100][gc,heap       ] GC(3) Eden regions: 49->0(45)
[2020-03-12T07:07:18.163-0100][gc,heap       ] GC(3) Survivor regions: 2->6(7)
[2020-03-12T07:07:18.163-0100][gc,heap       ] GC(3) Old regions: 7->7
[2020-03-12T07:07:18.163-0100][gc,heap       ] GC(3) Archive regions: 2->2
[2020-03-12T07:07:18.163-0100][gc,heap       ] GC(3) Humongous regions: 130->130
[2020-03-12T07:07:18.163-0100][gc,metaspace  ] GC(3) Metaspace: 28987K->28987K(1075200K)
[2020-03-12T07:07:18.163-0100][gc            ] GC(3) Pause Young (Normal) (G1 Evacuation Pause) 187M->142M(1024M) 3.166ms
[2020-03-12T07:07:18.163-0100][gc,cpu        ] GC(3) User=0.03s Sys=0.00s Real=0.00s
[2020-03-12T07:21:10.163-0100][gc,start      ] GC(4) Pause Young (Normal) (G1 Evacuation Pause)
[2020-03-12T07:21:10.163-0100][gc,task       ] GC(4) Using 10 workers of 10 for evacuation
[2020-03-12T07:21:10.186-0100][gc,mmu        ] GC(4) MMU target violated: 21.0ms (20.0ms/21.0ms)
[2020-03-12T07:21:10.186-0100][gc,phases     ] GC(4)   Pre Evacuate Collection Set: 2.1ms
[2020-03-12T07:21:10.186-0100][gc,phases     ] GC(4)   Evacuate Collection Set: 18.4ms
[2020-03-12T07:21:10.186-0100][gc,phases     ] GC(4)   Post Evacuate Collection Set: 2.2ms
[2020-03-12T07:21:10.186-0100][gc,phases     ] GC(4)   Other: 0.9ms
[2020-03-12T07:21:10.186-0100][gc,heap       ] GC(4) Eden regions: 45->0(49)
[2020-03-12T07:21:10.187-0100][gc,heap       ] GC(4) Survivor regions: 6->2(7)
[2020-03-12T07:21:10.187-0100][gc,heap       ] GC(4) Old regions: 7->12
[2020-03-12T07:21:10.187-0100][gc,heap       ] GC(4) Archive regions: 2->2
[2020-03-12T07:21:10.187-0100][gc,heap       ] GC(4) Humongous regions: 130->130
[2020-03-12T07:21:10.187-0100][gc,metaspace  ] GC(4) Metaspace: 32296K->32296K(1079296K)
[2020-03-12T07:21:10.187-0100][gc            ] GC(4) Pause Young (Normal) (G1 Evacuation Pause) 187M->143M(1024M) 24.141ms
[2020-03-12T07:21:10.187-0100][gc,cpu        ] GC(4) User=0.06s Sys=0.06s Real=0.02s
[2020-03-12T07:26:32.841-0100][gc,start      ] GC(5) Pause Young (Normal) (G1 Evacuation Pause)
[2020-03-12T07:26:32.841-0100][gc,task       ] GC(5) Using 10 workers of 10 for evacuation
[2020-03-12T07:26:32.844-0100][gc,phases     ] GC(5)   Pre Evacuate Collection Set: 0.0ms
[2020-03-12T07:26:32.844-0100][gc,phases     ] GC(5)   Evacuate Collection Set: 2.7ms
[2020-03-12T07:26:32.844-0100][gc,phases     ] GC(5)   Post Evacuate Collection Set: 0.3ms
[2020-03-12T07:26:32.844-0100][gc,phases     ] GC(5)   Other: 0.2ms
[2020-03-12T07:26:32.844-0100][gc,heap       ] GC(5) Eden regions: 49->0(48)
[2020-03-12T07:26:32.844-0100][gc,heap       ] GC(5) Survivor regions: 2->3(7)
[2020-03-12T07:26:32.844-0100][gc,heap       ] GC(5) Old regions: 12->12
[2020-03-12T07:26:32.844-0100][gc,heap       ] GC(5) Archive regions: 2->2
[2020-03-12T07:26:32.844-0100][gc,heap       ] GC(5) Humongous regions: 130->130
[2020-03-12T07:26:32.844-0100][gc,metaspace  ] GC(5) Metaspace: 34179K->34179K(1081344K)
[2020-03-12T07:26:32.844-0100][gc            ] GC(5) Pause Young (Normal) (G1 Evacuation Pause) 192M->144M(1024M) 3.352ms
[2020-03-12T07:26:32.844-0100][gc,cpu        ] GC(5) User=0.03s Sys=0.00s Real=0.00s
[2020-03-12T07:36:54.379-0100][gc,start      ] GC(6) Pause Young (Normal) (G1 Evacuation Pause)
[2020-03-12T07:36:54.379-0100][gc,task       ] GC(6) Using 10 workers of 10 for evacuation
[2020-03-12T07:36:54.383-0100][gc,phases     ] GC(6)   Pre Evacuate Collection Set: 0.0ms
[2020-03-12T07:36:54.383-0100][gc,phases     ] GC(6)   Evacuate Collection Set: 3.0ms
[2020-03-12T07:36:54.383-0100][gc,phases     ] GC(6)   Post Evacuate Collection Set: 0.4ms
[2020-03-12T07:36:54.383-0100][gc,phases     ] GC(6)   Other: 0.2ms
[2020-03-12T07:36:54.383-0100][gc,heap       ] GC(6) Eden regions: 48->0(47)
[2020-03-12T07:36:54.383-0100][gc,heap       ] GC(6) Survivor regions: 3->4(7)
[2020-03-12T07:36:54.383-0100][gc,heap       ] GC(6) Old regions: 12->12
[2020-03-12T07:36:54.383-0100][gc,heap       ] GC(6) Archive regions: 2->2
[2020-03-12T07:36:54.383-0100][gc,heap       ] GC(6) Humongous regions: 130->130
[2020-03-12T07:36:54.383-0100][gc,metaspace  ] GC(6) Metaspace: 34493K->34493K(1081344K)
[2020-03-12T07:36:54.383-0100][gc            ] GC(6) Pause Young (Normal) (G1 Evacuation Pause) 192M->145M(1024M) 3.848ms
[2020-03-12T07:36:54.383-0100][gc,cpu        ] GC(6) User=0.02s Sys=0.00s Real=0.01s
[2020-03-12T07:43:11.046-0100][gc,start      ] GC(7) Pause Young (Concurrent Start) (Metadata GC Threshold)
[2020-03-12T07:43:11.047-0100][gc,task       ] GC(7) Using 10 workers of 10 for evacuation
[2020-03-12T07:43:11.052-0100][gc,phases     ] GC(7)   Pre Evacuate Collection Set: 0.1ms
[2020-03-12T07:43:11.052-0100][gc,phases     ] GC(7)   Evacuate Collection Set: 3.7ms
[2020-03-12T07:43:11.052-0100][gc,phases     ] GC(7)   Post Evacuate Collection Set: 0.5ms
[2020-03-12T07:43:11.052-0100][gc,phases     ] GC(7)   Other: 1.0ms
[2020-03-12T07:43:11.052-0100][gc,heap       ] GC(7) Eden regions: 40->0(47)
[2020-03-12T07:43:11.052-0100][gc,heap       ] GC(7) Survivor regions: 4->4(7)
[2020-03-12T07:43:11.052-0100][gc,heap       ] GC(7) Old regions: 12->12
[2020-03-12T07:43:11.052-0100][gc,heap       ] GC(7) Archive regions: 2->2
[2020-03-12T07:43:11.052-0100][gc,heap       ] GC(7) Humongous regions: 130->130
[2020-03-12T07:43:11.052-0100][gc,metaspace  ] GC(7) Metaspace: 34866K->34866K(1081344K)
[2020-03-12T07:43:11.052-0100][gc            ] GC(7) Pause Young (Concurrent Start) (Metadata GC Threshold) 185M->145M(1024M) 5.346ms
[2020-03-12T07:43:11.052-0100][gc,cpu        ] GC(7) User=0.03s Sys=0.00s Real=0.01s
[2020-03-12T07:43:11.052-0100][gc            ] GC(8) Concurrent Cycle
[2020-03-12T07:43:11.052-0100][gc,marking    ] GC(8) Concurrent Clear Claimed Marks
[2020-03-12T07:43:11.052-0100][gc,marking    ] GC(8) Concurrent Clear Claimed Marks 0.056ms
[2020-03-12T07:43:11.052-0100][gc,marking    ] GC(8) Concurrent Scan Root Regions
[2020-03-12T07:43:11.054-0100][gc,marking    ] GC(8) Concurrent Scan Root Regions 1.455ms
[2020-03-12T07:43:11.054-0100][gc,marking    ] GC(8) Concurrent Mark (2154.855s)
[2020-03-12T07:43:11.054-0100][gc,marking    ] GC(8) Concurrent Mark From Roots
[2020-03-12T07:43:11.054-0100][gc,task       ] GC(8) Using 3 workers of 3 for marking
[2020-03-12T07:43:11.062-0100][gc,marking    ] GC(8) Concurrent Mark From Roots 8.479ms
[2020-03-12T07:43:11.062-0100][gc,marking    ] GC(8) Concurrent Preclean
[2020-03-12T07:43:11.062-0100][gc,marking    ] GC(8) Concurrent Preclean 0.151ms
[2020-03-12T07:43:11.062-0100][gc,marking    ] GC(8) Concurrent Mark (2154.855s, 2154.864s) 8.696ms
[2020-03-12T07:43:11.062-0100][gc,start      ] GC(8) Pause Remark
[2020-03-12T07:43:11.071-0100][gc,stringtable] GC(8) Cleaned string table, strings: 12796 processed, 301 removed
[2020-03-12T07:43:11.071-0100][gc            ] GC(8) Pause Remark 146M->146M(1024M) 8.940ms
[2020-03-12T07:43:11.071-0100][gc,cpu        ] GC(8) User=0.02s Sys=0.02s Real=0.01s
[2020-03-12T07:43:11.072-0100][gc,marking    ] GC(8) Concurrent Rebuild Remembered Sets
[2020-03-12T07:43:11.075-0100][gc,marking    ] GC(8) Concurrent Rebuild Remembered Sets 3.837ms
[2020-03-12T07:43:11.076-0100][gc,start      ] GC(8) Pause Cleanup
[2020-03-12T07:43:11.076-0100][gc            ] GC(8) Pause Cleanup 146M->146M(1024M) 0.179ms
[2020-03-12T07:43:11.076-0100][gc,cpu        ] GC(8) User=0.00s Sys=0.00s Real=0.00s
[2020-03-12T07:43:11.076-0100][gc,marking    ] GC(8) Concurrent Cleanup for Next Mark
[2020-03-12T07:43:11.081-0100][gc,marking    ] GC(8) Concurrent Cleanup for Next Mark 5.200ms
[2020-03-12T07:43:11.081-0100][gc            ] GC(8) Concurrent Cycle 29.203ms
[2020-03-12T07:43:20.539-0100][gc,heap,exit  ] Heap
[2020-03-12T07:43:20.539-0100][gc,heap,exit  ]  garbage-first heap   total 1048576K, used 161652K [0x00000007c0000000, 0x0000000800000000)
[2020-03-12T07:43:20.539-0100][gc,heap,exit  ]   region size 1024K, 17 young (17408K), 4 survivors (4096K)
[2020-03-12T07:43:20.539-0100][gc,heap,exit  ]  Metaspace       used 35566K, capacity 36022K, committed 36816K, reserved 1081344K
[2020-03-12T07:43:20.539-0100][gc,heap,exit  ]   class space    used 4541K, capacity 4671K, committed 4736K, reserved 1048576K
