[2020-03-11T19:58:40.981-0100][gc,heap] Heap region size: 1M
[2020-03-11T19:58:40.991-0100][gc     ] Using G1
[2020-03-11T19:58:40.991-0100][gc,heap,coops] Heap address: 0x00000007c0000000, size: 1024 MB, Compressed Oops mode: Zero based, Oop shift amount: 3
[2020-03-11T19:58:40.991-0100][gc,cds       ] Mark closed archive regions in map: [0x00000007fff00000, 0x00000007fff6fff8]
[2020-03-11T19:58:40.991-0100][gc,cds       ] Mark open archive regions in map: [0x00000007ffe00000, 0x00000007ffe45ff8]
[2020-03-11T19:58:41.008-0100][gc           ] Periodic GC disabled
[2020-03-11T19:58:43.085-0100][gc,start     ] GC(0) Pause Young (Normal) (G1 Evacuation Pause)
[2020-03-11T19:58:43.085-0100][gc,task      ] GC(0) Using 10 workers of 10 for evacuation
[2020-03-11T19:58:43.094-0100][gc,phases    ] GC(0)   Pre Evacuate Collection Set: 0.0ms
[2020-03-11T19:58:43.094-0100][gc,phases    ] GC(0)   Evacuate Collection Set: 8.7ms
[2020-03-11T19:58:43.094-0100][gc,phases    ] GC(0)   Post Evacuate Collection Set: 0.3ms
[2020-03-11T19:58:43.094-0100][gc,phases    ] GC(0)   Other: 0.6ms
[2020-03-11T19:58:43.094-0100][gc,heap      ] GC(0) Eden regions: 51->0(44)
[2020-03-11T19:58:43.094-0100][gc,heap      ] GC(0) Survivor regions: 0->7(7)
[2020-03-11T19:58:43.094-0100][gc,heap      ] GC(0) Old regions: 0->0
[2020-03-11T19:58:43.094-0100][gc,heap      ] GC(0) Archive regions: 2->2
[2020-03-11T19:58:43.094-0100][gc,heap      ] GC(0) Humongous regions: 1->1
[2020-03-11T19:58:43.094-0100][gc,metaspace ] GC(0) Metaspace: 14024K->14024K(1062912K)
[2020-03-11T19:58:43.094-0100][gc           ] GC(0) Pause Young (Normal) (G1 Evacuation Pause) 52M->7M(1024M) 9.763ms
[2020-03-11T19:58:43.094-0100][gc,cpu       ] GC(0) User=0.03s Sys=0.02s Real=0.01s
[2020-03-11T19:58:43.583-0100][gc,start     ] GC(1) Pause Young (Concurrent Start) (Metadata GC Threshold)
[2020-03-11T19:58:43.583-0100][gc,task      ] GC(1) Using 10 workers of 10 for evacuation
[2020-03-11T19:58:43.590-0100][gc,phases    ] GC(1)   Pre Evacuate Collection Set: 0.0ms
[2020-03-11T19:58:43.590-0100][gc,phases    ] GC(1)   Evacuate Collection Set: 6.4ms
[2020-03-11T19:58:43.590-0100][gc,phases    ] GC(1)   Post Evacuate Collection Set: 0.2ms
[2020-03-11T19:58:43.590-0100][gc,phases    ] GC(1)   Other: 0.3ms
[2020-03-11T19:58:43.590-0100][gc,heap      ] GC(1) Eden regions: 32->0(49)
[2020-03-11T19:58:43.590-0100][gc,heap      ] GC(1) Survivor regions: 7->2(7)
[2020-03-11T19:58:43.590-0100][gc,heap      ] GC(1) Old regions: 0->6
[2020-03-11T19:58:43.590-0100][gc,heap      ] GC(1) Archive regions: 2->2
[2020-03-11T19:58:43.590-0100][gc,heap      ] GC(1) Humongous regions: 130->130
[2020-03-11T19:58:43.590-0100][gc,metaspace ] GC(1) Metaspace: 20544K->20544K(1067008K)
[2020-03-11T19:58:43.590-0100][gc           ] GC(1) Pause Young (Concurrent Start) (Metadata GC Threshold) 168M->138M(1024M) 7.148ms
[2020-03-11T19:58:43.590-0100][gc,cpu       ] GC(1) User=0.03s Sys=0.00s Real=0.01s
[2020-03-11T19:58:43.590-0100][gc           ] GC(2) Concurrent Cycle
[2020-03-11T19:58:43.590-0100][gc,marking   ] GC(2) Concurrent Clear Claimed Marks
[2020-03-11T19:58:43.590-0100][gc,marking   ] GC(2) Concurrent Clear Claimed Marks 0.019ms
[2020-03-11T19:58:43.590-0100][gc,marking   ] GC(2) Concurrent Scan Root Regions
[2020-03-11T19:58:43.592-0100][gc,marking   ] GC(2) Concurrent Scan Root Regions 1.808ms
[2020-03-11T19:58:43.592-0100][gc,marking   ] GC(2) Concurrent Mark (2.681s)
[2020-03-11T19:58:43.592-0100][gc,marking   ] GC(2) Concurrent Mark From Roots
[2020-03-11T19:58:43.592-0100][gc,task      ] GC(2) Using 3 workers of 3 for marking
[2020-03-11T19:58:43.593-0100][gc,marking   ] GC(2) Concurrent Mark From Roots 1.069ms
[2020-03-11T19:58:43.593-0100][gc,marking   ] GC(2) Concurrent Preclean
[2020-03-11T19:58:43.593-0100][gc,marking   ] GC(2) Concurrent Preclean 0.035ms
[2020-03-11T19:58:43.593-0100][gc,marking   ] GC(2) Concurrent Mark (2.681s, 2.682s) 1.160ms
[2020-03-11T19:58:43.593-0100][gc,start     ] GC(2) Pause Remark
[2020-03-11T19:58:43.594-0100][gc,stringtable] GC(2) Cleaned string table, strings: 6075 processed, 0 removed
[2020-03-11T19:58:43.594-0100][gc            ] GC(2) Pause Remark 138M->138M(1024M) 0.691ms
[2020-03-11T19:58:43.594-0100][gc,cpu        ] GC(2) User=0.00s Sys=0.00s Real=0.00s
[2020-03-11T19:58:43.594-0100][gc,marking    ] GC(2) Concurrent Rebuild Remembered Sets
[2020-03-11T19:58:43.596-0100][gc,marking    ] GC(2) Concurrent Rebuild Remembered Sets 1.532ms
[2020-03-11T19:58:43.596-0100][gc,start      ] GC(2) Pause Cleanup
[2020-03-11T19:58:43.596-0100][gc            ] GC(2) Pause Cleanup 138M->138M(1024M) 0.151ms
[2020-03-11T19:58:43.596-0100][gc,cpu        ] GC(2) User=0.01s Sys=0.00s Real=0.00s
[2020-03-11T19:58:43.596-0100][gc,marking    ] GC(2) Concurrent Cleanup for Next Mark
[2020-03-11T19:58:43.601-0100][gc,marking    ] GC(2) Concurrent Cleanup for Next Mark 5.163ms
[2020-03-11T19:58:43.601-0100][gc            ] GC(2) Concurrent Cycle 11.086ms
[2020-03-11T19:58:44.152-0100][gc,start      ] GC(3) Pause Young (Normal) (G1 Evacuation Pause)
[2020-03-11T19:58:44.152-0100][gc,task       ] GC(3) Using 10 workers of 10 for evacuation
[2020-03-11T19:58:44.155-0100][gc,phases     ] GC(3)   Pre Evacuate Collection Set: 0.0ms
[2020-03-11T19:58:44.155-0100][gc,phases     ] GC(3)   Evacuate Collection Set: 2.5ms
[2020-03-11T19:58:44.155-0100][gc,phases     ] GC(3)   Post Evacuate Collection Set: 0.2ms
[2020-03-11T19:58:44.155-0100][gc,phases     ] GC(3)   Other: 0.2ms
[2020-03-11T19:58:44.155-0100][gc,heap       ] GC(3) Eden regions: 49->0(45)
[2020-03-11T19:58:44.155-0100][gc,heap       ] GC(3) Survivor regions: 2->6(7)
[2020-03-11T19:58:44.155-0100][gc,heap       ] GC(3) Old regions: 6->6
[2020-03-11T19:58:44.155-0100][gc,heap       ] GC(3) Archive regions: 2->2
[2020-03-11T19:58:44.155-0100][gc,heap       ] GC(3) Humongous regions: 130->130
[2020-03-11T19:58:44.155-0100][gc,metaspace  ] GC(3) Metaspace: 28337K->28337K(1075200K)
[2020-03-11T19:58:44.155-0100][gc            ] GC(3) Pause Young (Normal) (G1 Evacuation Pause) 187M->142M(1024M) 2.936ms
[2020-03-11T19:58:44.155-0100][gc,cpu        ] GC(3) User=0.03s Sys=0.00s Real=0.00s
[2020-03-11T20:05:02.225-0100][gc,start      ] GC(4) Pause Young (Normal) (G1 Evacuation Pause)
[2020-03-11T20:05:02.227-0100][gc,task       ] GC(4) Using 10 workers of 10 for evacuation
[2020-03-11T20:05:02.283-0100][gc,mmu        ] GC(4) MMU target violated: 21.0ms (20.0ms/21.0ms)
[2020-03-11T20:05:02.284-0100][gc,phases     ] GC(4)   Pre Evacuate Collection Set: 2.8ms
[2020-03-11T20:05:02.284-0100][gc,phases     ] GC(4)   Evacuate Collection Set: 52.5ms
[2020-03-11T20:05:02.284-0100][gc,phases     ] GC(4)   Post Evacuate Collection Set: 1.0ms
[2020-03-11T20:05:02.284-0100][gc,phases     ] GC(4)   Other: 2.1ms
[2020-03-11T20:05:02.284-0100][gc,heap       ] GC(4) Eden regions: 45->0(49)
[2020-03-11T20:05:02.284-0100][gc,heap       ] GC(4) Survivor regions: 6->2(7)
[2020-03-11T20:05:02.284-0100][gc,heap       ] GC(4) Old regions: 6->12
[2020-03-11T20:05:02.284-0100][gc,heap       ] GC(4) Archive regions: 2->2
[2020-03-11T20:05:02.284-0100][gc,heap       ] GC(4) Humongous regions: 130->130
[2020-03-11T20:05:02.284-0100][gc,metaspace  ] GC(4) Metaspace: 32030K->32030K(1079296K)
[2020-03-11T20:05:02.284-0100][gc            ] GC(4) Pause Young (Normal) (G1 Evacuation Pause) 187M->143M(1024M) 58.685ms
[2020-03-11T20:05:02.284-0100][gc,cpu        ] GC(4) User=0.12s Sys=0.17s Real=0.06s
[2020-03-11T21:02:32.558-0100][gc,start      ] GC(5) Pause Young (Normal) (G1 Evacuation Pause)
[2020-03-11T21:02:32.559-0100][gc,task       ] GC(5) Using 10 workers of 10 for evacuation
[2020-03-11T21:02:32.561-0100][gc,phases     ] GC(5)   Pre Evacuate Collection Set: 0.0ms
[2020-03-11T21:02:32.561-0100][gc,phases     ] GC(5)   Evacuate Collection Set: 1.9ms
[2020-03-11T21:02:32.561-0100][gc,phases     ] GC(5)   Post Evacuate Collection Set: 0.2ms
[2020-03-11T21:02:32.561-0100][gc,phases     ] GC(5)   Other: 1.3ms
[2020-03-11T21:02:32.561-0100][gc,heap       ] GC(5) Eden regions: 49->0(49)
[2020-03-11T21:02:32.561-0100][gc,heap       ] GC(5) Survivor regions: 2->2(7)
[2020-03-11T21:02:32.561-0100][gc,heap       ] GC(5) Old regions: 12->12
[2020-03-11T21:02:32.561-0100][gc,heap       ] GC(5) Archive regions: 2->2
[2020-03-11T21:02:32.561-0100][gc,heap       ] GC(5) Humongous regions: 130->130
[2020-03-11T21:02:32.561-0100][gc,metaspace  ] GC(5) Metaspace: 32178K->32178K(1079296K)
[2020-03-11T21:02:32.561-0100][gc            ] GC(5) Pause Young (Normal) (G1 Evacuation Pause) 192M->143M(1024M) 3.710ms
[2020-03-11T21:02:32.562-0100][gc,cpu        ] GC(5) User=0.01s Sys=0.00s Real=0.01s
[2020-03-11T21:23:56.836-0100][gc,start      ] GC(6) Pause Young (Normal) (G1 Evacuation Pause)
[2020-03-11T21:23:56.836-0100][gc,task       ] GC(6) Using 10 workers of 10 for evacuation
[2020-03-11T21:23:56.839-0100][gc,phases     ] GC(6)   Pre Evacuate Collection Set: 0.0ms
[2020-03-11T21:23:56.839-0100][gc,phases     ] GC(6)   Evacuate Collection Set: 2.1ms
[2020-03-11T21:23:56.839-0100][gc,phases     ] GC(6)   Post Evacuate Collection Set: 0.4ms
[2020-03-11T21:23:56.839-0100][gc,phases     ] GC(6)   Other: 0.3ms
[2020-03-11T21:23:56.839-0100][gc,heap       ] GC(6) Eden regions: 49->0(49)
[2020-03-11T21:23:56.839-0100][gc,heap       ] GC(6) Survivor regions: 2->2(7)
[2020-03-11T21:23:56.839-0100][gc,heap       ] GC(6) Old regions: 12->12
[2020-03-11T21:23:56.839-0100][gc,heap       ] GC(6) Archive regions: 2->2
[2020-03-11T21:23:56.839-0100][gc,heap       ] GC(6) Humongous regions: 130->130
[2020-03-11T21:23:56.839-0100][gc,metaspace  ] GC(6) Metaspace: 32249K->32249K(1079296K)
[2020-03-11T21:23:56.839-0100][gc            ] GC(6) Pause Young (Normal) (G1 Evacuation Pause) 192M->143M(1024M) 3.040ms
[2020-03-11T21:23:56.839-0100][gc,cpu        ] GC(6) User=0.01s Sys=0.01s Real=0.00s
[2020-03-11T21:45:24.292-0100][gc,start      ] GC(7) Pause Young (Normal) (G1 Evacuation Pause)
[2020-03-11T21:45:24.292-0100][gc,task       ] GC(7) Using 10 workers of 10 for evacuation
[2020-03-11T21:45:24.295-0100][gc,phases     ] GC(7)   Pre Evacuate Collection Set: 0.0ms
[2020-03-11T21:45:24.295-0100][gc,phases     ] GC(7)   Evacuate Collection Set: 2.0ms
[2020-03-11T21:45:24.295-0100][gc,phases     ] GC(7)   Post Evacuate Collection Set: 0.3ms
[2020-03-11T21:45:24.295-0100][gc,phases     ] GC(7)   Other: 0.3ms
[2020-03-11T21:45:24.295-0100][gc,heap       ] GC(7) Eden regions: 49->0(52)
[2020-03-11T21:45:24.295-0100][gc,heap       ] GC(7) Survivor regions: 2->2(7)
[2020-03-11T21:45:24.295-0100][gc,heap       ] GC(7) Old regions: 12->12
[2020-03-11T21:45:24.295-0100][gc,heap       ] GC(7) Archive regions: 2->2
[2020-03-11T21:45:24.295-0100][gc,heap       ] GC(7) Humongous regions: 130->130
[2020-03-11T21:45:24.295-0100][gc,metaspace  ] GC(7) Metaspace: 32340K->32340K(1079296K)
[2020-03-11T21:45:24.295-0100][gc            ] GC(7) Pause Young (Normal) (G1 Evacuation Pause) 192M->143M(1024M) 2.805ms
[2020-03-11T21:45:24.295-0100][gc,cpu        ] GC(7) User=0.02s Sys=0.00s Real=0.00s
[2020-03-11T22:08:23.081-0100][gc,start      ] GC(8) Pause Young (Normal) (G1 Evacuation Pause)
[2020-03-11T22:08:23.082-0100][gc,task       ] GC(8) Using 10 workers of 10 for evacuation
[2020-03-11T22:08:23.086-0100][gc,phases     ] GC(8)   Pre Evacuate Collection Set: 0.0ms
[2020-03-11T22:08:23.086-0100][gc,phases     ] GC(8)   Evacuate Collection Set: 2.5ms
[2020-03-11T22:08:23.086-0100][gc,phases     ] GC(8)   Post Evacuate Collection Set: 0.3ms
[2020-03-11T22:08:23.086-0100][gc,phases     ] GC(8)   Other: 1.7ms
[2020-03-11T22:08:23.086-0100][gc,heap       ] GC(8) Eden regions: 52->0(55)
[2020-03-11T22:08:23.086-0100][gc,heap       ] GC(8) Survivor regions: 2->2(7)
[2020-03-11T22:08:23.086-0100][gc,heap       ] GC(8) Old regions: 12->12
[2020-03-11T22:08:23.086-0100][gc,heap       ] GC(8) Archive regions: 2->2
[2020-03-11T22:08:23.086-0100][gc,heap       ] GC(8) Humongous regions: 130->130
[2020-03-11T22:08:23.086-0100][gc,metaspace  ] GC(8) Metaspace: 32365K->32365K(1079296K)
[2020-03-11T22:08:23.086-0100][gc            ] GC(8) Pause Young (Normal) (G1 Evacuation Pause) 195M->143M(1024M) 4.767ms
[2020-03-11T22:08:23.086-0100][gc,cpu        ] GC(8) User=0.02s Sys=0.00s Real=0.00s
[2020-03-11T22:32:48.100-0100][gc,start      ] GC(9) Pause Young (Normal) (G1 Evacuation Pause)
[2020-03-11T22:32:48.101-0100][gc,task       ] GC(9) Using 10 workers of 10 for evacuation
[2020-03-11T22:32:48.104-0100][gc,phases     ] GC(9)   Pre Evacuate Collection Set: 0.0ms
[2020-03-11T22:32:48.105-0100][gc,phases     ] GC(9)   Evacuate Collection Set: 2.7ms
[2020-03-11T22:32:48.105-0100][gc,phases     ] GC(9)   Post Evacuate Collection Set: 0.3ms
[2020-03-11T22:32:48.105-0100][gc,phases     ] GC(9)   Other: 1.8ms
[2020-03-11T22:32:48.105-0100][gc,heap       ] GC(9) Eden regions: 55->0(61)
[2020-03-11T22:32:48.105-0100][gc,heap       ] GC(9) Survivor regions: 2->2(8)
[2020-03-11T22:32:48.105-0100][gc,heap       ] GC(9) Old regions: 12->12
[2020-03-11T22:32:48.105-0100][gc,heap       ] GC(9) Archive regions: 2->2
[2020-03-11T22:32:48.105-0100][gc,heap       ] GC(9) Humongous regions: 130->130
[2020-03-11T22:32:48.105-0100][gc,metaspace  ] GC(9) Metaspace: 32396K->32396K(1079296K)
[2020-03-11T22:32:48.105-0100][gc            ] GC(9) Pause Young (Normal) (G1 Evacuation Pause) 198M->143M(1024M) 5.115ms
[2020-03-11T22:32:48.105-0100][gc,cpu        ] GC(9) User=0.02s Sys=0.01s Real=0.00s
[2020-03-11T22:59:52.015-0100][gc,start      ] GC(10) Pause Young (Normal) (G1 Evacuation Pause)
[2020-03-11T22:59:52.017-0100][gc,task       ] GC(10) Using 10 workers of 10 for evacuation
[2020-03-11T22:59:52.020-0100][gc,phases     ] GC(10)   Pre Evacuate Collection Set: 0.0ms
[2020-03-11T22:59:52.020-0100][gc,phases     ] GC(10)   Evacuate Collection Set: 2.4ms
[2020-03-11T22:59:52.020-0100][gc,phases     ] GC(10)   Post Evacuate Collection Set: 0.4ms
[2020-03-11T22:59:52.020-0100][gc,phases     ] GC(10)   Other: 1.9ms
[2020-03-11T22:59:52.020-0100][gc,heap       ] GC(10) Eden regions: 61->0(70)
[2020-03-11T22:59:52.020-0100][gc,heap       ] GC(10) Survivor regions: 2->2(8)
[2020-03-11T22:59:52.020-0100][gc,heap       ] GC(10) Old regions: 12->12
[2020-03-11T22:59:52.020-0100][gc,heap       ] GC(10) Archive regions: 2->2
[2020-03-11T22:59:52.020-0100][gc,heap       ] GC(10) Humongous regions: 130->130
[2020-03-11T22:59:52.020-0100][gc,metaspace  ] GC(10) Metaspace: 32435K->32435K(1079296K)
[2020-03-11T22:59:52.020-0100][gc            ] GC(10) Pause Young (Normal) (G1 Evacuation Pause) 204M->143M(1024M) 4.945ms
[2020-03-11T22:59:52.020-0100][gc,cpu        ] GC(10) User=0.02s Sys=0.00s Real=0.01s
[2020-03-11T23:30:50.463-0100][gc,start      ] GC(11) Pause Young (Normal) (G1 Evacuation Pause)
[2020-03-11T23:30:50.464-0100][gc,task       ] GC(11) Using 10 workers of 10 for evacuation
[2020-03-11T23:30:50.468-0100][gc,phases     ] GC(11)   Pre Evacuate Collection Set: 0.0ms
[2020-03-11T23:30:50.468-0100][gc,phases     ] GC(11)   Evacuate Collection Set: 2.5ms
[2020-03-11T23:30:50.468-0100][gc,phases     ] GC(11)   Post Evacuate Collection Set: 0.4ms
[2020-03-11T23:30:50.468-0100][gc,phases     ] GC(11)   Other: 1.9ms
[2020-03-11T23:30:50.468-0100][gc,heap       ] GC(11) Eden regions: 70->0(82)
[2020-03-11T23:30:50.468-0100][gc,heap       ] GC(11) Survivor regions: 2->2(9)
[2020-03-11T23:30:50.468-0100][gc,heap       ] GC(11) Old regions: 12->12
[2020-03-11T23:30:50.468-0100][gc,heap       ] GC(11) Archive regions: 2->2
[2020-03-11T23:30:50.468-0100][gc,heap       ] GC(11) Humongous regions: 130->130
[2020-03-11T23:30:50.468-0100][gc,metaspace  ] GC(11) Metaspace: 32441K->32441K(1079296K)
[2020-03-11T23:30:50.468-0100][gc            ] GC(11) Pause Young (Normal) (G1 Evacuation Pause) 213M->143M(1024M) 4.992ms
[2020-03-11T23:30:50.468-0100][gc,cpu        ] GC(11) User=0.02s Sys=0.00s Real=0.00s
[2020-03-12T00:07:20.036-0100][gc,start      ] GC(12) Pause Young (Normal) (G1 Evacuation Pause)
[2020-03-12T00:07:20.038-0100][gc,task       ] GC(12) Using 10 workers of 10 for evacuation
[2020-03-12T00:07:20.040-0100][gc,phases     ] GC(12)   Pre Evacuate Collection Set: 0.0ms
[2020-03-12T00:07:20.040-0100][gc,phases     ] GC(12)   Evacuate Collection Set: 1.9ms
[2020-03-12T00:07:20.040-0100][gc,phases     ] GC(12)   Post Evacuate Collection Set: 0.5ms
[2020-03-12T00:07:20.041-0100][gc,phases     ] GC(12)   Other: 1.8ms
[2020-03-12T00:07:20.041-0100][gc,heap       ] GC(12) Eden regions: 82->0(97)
[2020-03-12T00:07:20.041-0100][gc,heap       ] GC(12) Survivor regions: 2->2(11)
[2020-03-12T00:07:20.041-0100][gc,heap       ] GC(12) Old regions: 12->12
[2020-03-12T00:07:20.041-0100][gc,heap       ] GC(12) Archive regions: 2->2
[2020-03-12T00:07:20.041-0100][gc,heap       ] GC(12) Humongous regions: 130->130
[2020-03-12T00:07:20.041-0100][gc,metaspace  ] GC(12) Metaspace: 32492K->32492K(1079296K)
[2020-03-12T00:07:20.041-0100][gc            ] GC(12) Pause Young (Normal) (G1 Evacuation Pause) 225M->143M(1024M) 4.426ms
[2020-03-12T00:07:20.041-0100][gc,cpu        ] GC(12) User=0.02s Sys=0.01s Real=0.01s
[2020-03-12T00:50:52.670-0100][gc,start      ] GC(13) Pause Young (Normal) (G1 Evacuation Pause)
[2020-03-12T00:50:52.672-0100][gc,task       ] GC(13) Using 10 workers of 10 for evacuation
[2020-03-12T00:50:52.675-0100][gc,phases     ] GC(13)   Pre Evacuate Collection Set: 0.0ms
[2020-03-12T00:50:52.675-0100][gc,phases     ] GC(13)   Evacuate Collection Set: 2.5ms
[2020-03-12T00:50:52.675-0100][gc,phases     ] GC(13)   Post Evacuate Collection Set: 0.5ms
[2020-03-12T00:50:52.675-0100][gc,phases     ] GC(13)   Other: 1.9ms
[2020-03-12T00:50:52.675-0100][gc,heap       ] GC(13) Eden regions: 97->0(116)
[2020-03-12T00:50:52.675-0100][gc,heap       ] GC(13) Survivor regions: 2->2(13)
[2020-03-12T00:50:52.676-0100][gc,heap       ] GC(13) Old regions: 12->12
[2020-03-12T00:50:52.676-0100][gc,heap       ] GC(13) Archive regions: 2->2
[2020-03-12T00:50:52.676-0100][gc,heap       ] GC(13) Humongous regions: 130->130
[2020-03-12T00:50:52.676-0100][gc,metaspace  ] GC(13) Metaspace: 32499K->32499K(1079296K)
[2020-03-12T00:50:52.676-0100][gc            ] GC(13) Pause Young (Normal) (G1 Evacuation Pause) 240M->143M(1024M) 5.104ms
[2020-03-12T00:50:52.676-0100][gc,cpu        ] GC(13) User=0.01s Sys=0.00s Real=0.00s
[2020-03-12T01:42:58.176-0100][gc,start      ] GC(14) Pause Young (Normal) (G1 Evacuation Pause)
[2020-03-12T01:42:58.178-0100][gc,task       ] GC(14) Using 10 workers of 10 for evacuation
[2020-03-12T01:42:58.185-0100][gc,phases     ] GC(14)   Pre Evacuate Collection Set: 0.0ms
[2020-03-12T01:42:58.185-0100][gc,phases     ] GC(14)   Evacuate Collection Set: 5.5ms
[2020-03-12T01:42:58.185-0100][gc,phases     ] GC(14)   Post Evacuate Collection Set: 1.0ms
[2020-03-12T01:42:58.185-0100][gc,phases     ] GC(14)   Other: 2.2ms
[2020-03-12T01:42:58.185-0100][gc,heap       ] GC(14) Eden regions: 116->0(132)
[2020-03-12T01:42:58.185-0100][gc,heap       ] GC(14) Survivor regions: 2->2(15)
[2020-03-12T01:42:58.185-0100][gc,heap       ] GC(14) Old regions: 12->12
[2020-03-12T01:42:58.185-0100][gc,heap       ] GC(14) Archive regions: 2->2
[2020-03-12T01:42:58.185-0100][gc,heap       ] GC(14) Humongous regions: 130->130
[2020-03-12T01:42:58.185-0100][gc,metaspace  ] GC(14) Metaspace: 32527K->32527K(1079296K)
[2020-03-12T01:42:58.185-0100][gc            ] GC(14) Pause Young (Normal) (G1 Evacuation Pause) 259M->143M(1024M) 9.204ms
[2020-03-12T01:42:58.185-0100][gc,cpu        ] GC(14) User=0.03s Sys=0.01s Real=0.01s
[2020-03-12T02:42:35.594-0100][gc,start      ] GC(15) Pause Young (Normal) (G1 Evacuation Pause)
[2020-03-12T02:42:35.596-0100][gc,task       ] GC(15) Using 10 workers of 10 for evacuation
[2020-03-12T02:42:35.599-0100][gc,phases     ] GC(15)   Pre Evacuate Collection Set: 0.0ms
[2020-03-12T02:42:35.599-0100][gc,phases     ] GC(15)   Evacuate Collection Set: 2.4ms
[2020-03-12T02:42:35.599-0100][gc,phases     ] GC(15)   Post Evacuate Collection Set: 0.5ms
[2020-03-12T02:42:35.599-0100][gc,phases     ] GC(15)   Other: 1.9ms
[2020-03-12T02:42:35.599-0100][gc,heap       ] GC(15) Eden regions: 132->0(150)
[2020-03-12T02:42:35.599-0100][gc,heap       ] GC(15) Survivor regions: 2->2(17)
[2020-03-12T02:42:35.599-0100][gc,heap       ] GC(15) Old regions: 12->12
[2020-03-12T02:42:35.599-0100][gc,heap       ] GC(15) Archive regions: 2->2
[2020-03-12T02:42:35.599-0100][gc,heap       ] GC(15) Humongous regions: 130->130
[2020-03-12T02:42:35.599-0100][gc,metaspace  ] GC(15) Metaspace: 32531K->32531K(1079296K)
[2020-03-12T02:42:35.599-0100][gc            ] GC(15) Pause Young (Normal) (G1 Evacuation Pause) 275M->143M(1024M) 5.074ms
[2020-03-12T02:42:35.599-0100][gc,cpu        ] GC(15) User=0.01s Sys=0.01s Real=0.00s
[2020-03-12T03:50:23.642-0100][gc,start      ] GC(16) Pause Young (Normal) (G1 Evacuation Pause)
[2020-03-12T03:50:23.644-0100][gc,task       ] GC(16) Using 10 workers of 10 for evacuation
[2020-03-12T03:50:23.647-0100][gc,phases     ] GC(16)   Pre Evacuate Collection Set: 0.0ms
[2020-03-12T03:50:23.647-0100][gc,phases     ] GC(16)   Evacuate Collection Set: 2.7ms
[2020-03-12T03:50:23.647-0100][gc,phases     ] GC(16)   Post Evacuate Collection Set: 0.5ms
[2020-03-12T03:50:23.647-0100][gc,phases     ] GC(16)   Other: 1.8ms
[2020-03-12T03:50:23.647-0100][gc,heap       ] GC(16) Eden regions: 150->0(173)
[2020-03-12T03:50:23.647-0100][gc,heap       ] GC(16) Survivor regions: 2->2(19)
[2020-03-12T03:50:23.647-0100][gc,heap       ] GC(16) Old regions: 12->12
[2020-03-12T03:50:23.648-0100][gc,heap       ] GC(16) Archive regions: 2->2
[2020-03-12T03:50:23.648-0100][gc,heap       ] GC(16) Humongous regions: 130->130
[2020-03-12T03:50:23.648-0100][gc,metaspace  ] GC(16) Metaspace: 32568K->32568K(1079296K)
[2020-03-12T03:50:23.648-0100][gc            ] GC(16) Pause Young (Normal) (G1 Evacuation Pause) 293M->143M(1024M) 5.323ms
[2020-03-12T03:50:23.648-0100][gc,cpu        ] GC(16) User=0.02s Sys=0.01s Real=0.00s
[2020-03-12T05:08:43.248-0100][gc,start      ] GC(17) Pause Young (Normal) (G1 Evacuation Pause)
[2020-03-12T05:08:43.250-0100][gc,task       ] GC(17) Using 10 workers of 10 for evacuation
[2020-03-12T05:08:43.253-0100][gc,phases     ] GC(17)   Pre Evacuate Collection Set: 0.0ms
[2020-03-12T05:08:43.253-0100][gc,phases     ] GC(17)   Evacuate Collection Set: 2.4ms
[2020-03-12T05:08:43.253-0100][gc,phases     ] GC(17)   Post Evacuate Collection Set: 0.5ms
[2020-03-12T05:08:43.253-0100][gc,phases     ] GC(17)   Other: 1.9ms
[2020-03-12T05:08:43.253-0100][gc,heap       ] GC(17) Eden regions: 173->0(198)
[2020-03-12T05:08:43.253-0100][gc,heap       ] GC(17) Survivor regions: 2->2(22)
[2020-03-12T05:08:43.253-0100][gc,heap       ] GC(17) Old regions: 12->12
[2020-03-12T05:08:43.253-0100][gc,heap       ] GC(17) Archive regions: 2->2
[2020-03-12T05:08:43.253-0100][gc,heap       ] GC(17) Humongous regions: 130->130
[2020-03-12T05:08:43.253-0100][gc,metaspace  ] GC(17) Metaspace: 32578K->32578K(1079296K)
[2020-03-12T05:08:43.253-0100][gc            ] GC(17) Pause Young (Normal) (G1 Evacuation Pause) 316M->143M(1024M) 4.986ms
[2020-03-12T05:08:43.253-0100][gc,cpu        ] GC(17) User=0.02s Sys=0.00s Real=0.01s
[2020-03-12T06:38:20.100-0100][gc,start      ] GC(18) Pause Young (Normal) (G1 Evacuation Pause)
[2020-03-12T06:38:20.102-0100][gc,task       ] GC(18) Using 10 workers of 10 for evacuation
[2020-03-12T06:38:20.105-0100][gc,phases     ] GC(18)   Pre Evacuate Collection Set: 0.0ms
[2020-03-12T06:38:20.105-0100][gc,phases     ] GC(18)   Evacuate Collection Set: 2.5ms
[2020-03-12T06:38:20.105-0100][gc,phases     ] GC(18)   Post Evacuate Collection Set: 0.4ms
[2020-03-12T06:38:20.105-0100][gc,phases     ] GC(18)   Other: 1.9ms
[2020-03-12T06:38:20.105-0100][gc,heap       ] GC(18) Eden regions: 198->0(225)
[2020-03-12T06:38:20.105-0100][gc,heap       ] GC(18) Survivor regions: 2->2(25)
[2020-03-12T06:38:20.105-0100][gc,heap       ] GC(18) Old regions: 12->12
[2020-03-12T06:38:20.105-0100][gc,heap       ] GC(18) Archive regions: 2->2
[2020-03-12T06:38:20.105-0100][gc,heap       ] GC(18) Humongous regions: 130->130
[2020-03-12T06:38:20.105-0100][gc,metaspace  ] GC(18) Metaspace: 32593K->32593K(1079296K)
[2020-03-12T06:38:20.105-0100][gc            ] GC(18) Pause Young (Normal) (G1 Evacuation Pause) 341M->143M(1024M) 5.079ms
[2020-03-12T06:38:20.105-0100][gc,cpu        ] GC(18) User=0.02s Sys=0.00s Real=0.00s
[2020-03-12T06:57:05.839-0100][gc,start      ] GC(19) Pause Young (Normal) (G1 Evacuation Pause)
[2020-03-12T06:57:05.840-0100][gc,task       ] GC(19) Using 10 workers of 10 for evacuation
[2020-03-12T06:57:05.844-0100][gc,phases     ] GC(19)   Pre Evacuate Collection Set: 0.9ms
[2020-03-12T06:57:05.844-0100][gc,phases     ] GC(19)   Evacuate Collection Set: 2.3ms
[2020-03-12T06:57:05.844-0100][gc,phases     ] GC(19)   Post Evacuate Collection Set: 0.3ms
[2020-03-12T06:57:05.845-0100][gc,phases     ] GC(19)   Other: 1.2ms
[2020-03-12T06:57:05.845-0100][gc,heap       ] GC(19) Eden regions: 51->0(198)
[2020-03-12T06:57:05.845-0100][gc,heap       ] GC(19) Survivor regions: 2->1(7)
[2020-03-12T06:57:05.845-0100][gc,heap       ] GC(19) Old regions: 12->13
[2020-03-12T06:57:05.845-0100][gc,heap       ] GC(19) Archive regions: 2->2
[2020-03-12T06:57:05.845-0100][gc,heap       ] GC(19) Humongous regions: 130->130
[2020-03-12T06:57:05.846-0100][gc,metaspace  ] GC(19) Metaspace: 33197K->33197K(1079296K)
[2020-03-12T06:57:05.846-0100][gc            ] GC(19) Pause Young (Normal) (G1 Evacuation Pause) 194M->143M(1024M) 6.566ms
[2020-03-12T06:57:05.846-0100][gc,cpu        ] GC(19) User=0.01s Sys=0.01s Real=0.01s
[2020-03-12T06:57:05.862-0100][gc,heap,exit  ] Heap
[2020-03-12T06:57:05.862-0100][gc,heap,exit  ]  garbage-first heap   total 1048576K, used 149700K [0x00000007c0000000, 0x0000000800000000)
[2020-03-12T06:57:05.862-0100][gc,heap,exit  ]   region size 1024K, 5 young (5120K), 1 survivors (1024K)
[2020-03-12T06:57:05.863-0100][gc,heap,exit  ]  Metaspace       used 33234K, capacity 33774K, committed 34432K, reserved 1079296K
[2020-03-12T06:57:05.863-0100][gc,heap,exit  ]   class space    used 4254K, capacity 4413K, committed 4480K, reserved 1048576K
