[2020-03-21T11:46:35.467-0100][gc,heap] Heap region size: 1M
[2020-03-21T11:46:35.476-0100][gc     ] Using G1
[2020-03-21T11:46:35.476-0100][gc,heap,coops] Heap address: 0x00000007c0000000, size: 1024 MB, Compressed Oops mode: Zero based, Oop shift amount: 3
[2020-03-21T11:46:35.477-0100][gc,cds       ] Mark closed archive regions in map: [0x00000007fff00000, 0x00000007fff6fff8]
[2020-03-21T11:46:35.477-0100][gc,cds       ] Mark open archive regions in map: [0x00000007ffe00000, 0x00000007ffe45ff8]
[2020-03-21T11:46:35.492-0100][gc           ] Periodic GC disabled
[2020-03-21T11:46:36.383-0100][gc,start     ] GC(0) Pause Young (Normal) (G1 Evacuation Pause)
[2020-03-21T11:46:36.384-0100][gc,task      ] GC(0) Using 10 workers of 10 for evacuation
[2020-03-21T11:46:36.392-0100][gc,phases    ] GC(0)   Pre Evacuate Collection Set: 0.0ms
[2020-03-21T11:46:36.392-0100][gc,phases    ] GC(0)   Evacuate Collection Set: 7.9ms
[2020-03-21T11:46:36.392-0100][gc,phases    ] GC(0)   Post Evacuate Collection Set: 0.3ms
[2020-03-21T11:46:36.392-0100][gc,phases    ] GC(0)   Other: 0.7ms
[2020-03-21T11:46:36.392-0100][gc,heap      ] GC(0) Eden regions: 51->0(44)
[2020-03-21T11:46:36.392-0100][gc,heap      ] GC(0) Survivor regions: 0->7(7)
[2020-03-21T11:46:36.392-0100][gc,heap      ] GC(0) Old regions: 0->0
[2020-03-21T11:46:36.392-0100][gc,heap      ] GC(0) Archive regions: 2->2
[2020-03-21T11:46:36.392-0100][gc,heap      ] GC(0) Humongous regions: 1->1
[2020-03-21T11:46:36.392-0100][gc,metaspace ] GC(0) Metaspace: 14005K->14005K(1062912K)
[2020-03-21T11:46:36.392-0100][gc           ] GC(0) Pause Young (Normal) (G1 Evacuation Pause) 52M->7M(1024M) 9.061ms
[2020-03-21T11:46:36.393-0100][gc,cpu       ] GC(0) User=0.03s Sys=0.01s Real=0.01s
[2020-03-21T11:46:36.878-0100][gc,start     ] GC(1) Pause Young (Concurrent Start) (Metadata GC Threshold)
[2020-03-21T11:46:36.878-0100][gc,task      ] GC(1) Using 10 workers of 10 for evacuation
[2020-03-21T11:46:36.885-0100][gc,phases    ] GC(1)   Pre Evacuate Collection Set: 0.0ms
[2020-03-21T11:46:36.885-0100][gc,phases    ] GC(1)   Evacuate Collection Set: 6.2ms
[2020-03-21T11:46:36.885-0100][gc,phases    ] GC(1)   Post Evacuate Collection Set: 0.4ms
[2020-03-21T11:46:36.885-0100][gc,phases    ] GC(1)   Other: 0.2ms
[2020-03-21T11:46:36.885-0100][gc,heap      ] GC(1) Eden regions: 38->0(48)
[2020-03-21T11:46:36.885-0100][gc,heap      ] GC(1) Survivor regions: 7->3(7)
[2020-03-21T11:46:36.885-0100][gc,heap      ] GC(1) Old regions: 0->7
[2020-03-21T11:46:36.885-0100][gc,heap      ] GC(1) Archive regions: 2->2
[2020-03-21T11:46:36.885-0100][gc,heap      ] GC(1) Humongous regions: 130->130
[2020-03-21T11:46:36.885-0100][gc,metaspace ] GC(1) Metaspace: 20583K->20583K(1067008K)
[2020-03-21T11:46:36.885-0100][gc           ] GC(1) Pause Young (Concurrent Start) (Metadata GC Threshold) 174M->138M(1024M) 6.950ms
[2020-03-21T11:46:36.885-0100][gc,cpu       ] GC(1) User=0.03s Sys=0.01s Real=0.01s
[2020-03-21T11:46:36.885-0100][gc           ] GC(2) Concurrent Cycle
[2020-03-21T11:46:36.885-0100][gc,marking   ] GC(2) Concurrent Clear Claimed Marks
[2020-03-21T11:46:36.885-0100][gc,marking   ] GC(2) Concurrent Clear Claimed Marks 0.026ms
[2020-03-21T11:46:36.885-0100][gc,marking   ] GC(2) Concurrent Scan Root Regions
[2020-03-21T11:46:36.887-0100][gc,marking   ] GC(2) Concurrent Scan Root Regions 1.749ms
[2020-03-21T11:46:36.887-0100][gc,marking   ] GC(2) Concurrent Mark (1.428s)
[2020-03-21T11:46:36.887-0100][gc,marking   ] GC(2) Concurrent Mark From Roots
[2020-03-21T11:46:36.887-0100][gc,task      ] GC(2) Using 3 workers of 3 for marking
[2020-03-21T11:46:36.888-0100][gc,marking   ] GC(2) Concurrent Mark From Roots 1.153ms
[2020-03-21T11:46:36.888-0100][gc,marking   ] GC(2) Concurrent Preclean
[2020-03-21T11:46:36.888-0100][gc,marking   ] GC(2) Concurrent Preclean 0.037ms
[2020-03-21T11:46:36.888-0100][gc,marking   ] GC(2) Concurrent Mark (1.428s, 1.430s) 1.249ms
[2020-03-21T11:46:36.888-0100][gc,start     ] GC(2) Pause Remark
[2020-03-21T11:46:36.889-0100][gc,stringtable] GC(2) Cleaned string table, strings: 5900 processed, 0 removed
[2020-03-21T11:46:36.889-0100][gc            ] GC(2) Pause Remark 139M->139M(1024M) 0.814ms
[2020-03-21T11:46:36.889-0100][gc,cpu        ] GC(2) User=0.00s Sys=0.00s Real=0.00s
[2020-03-21T11:46:36.889-0100][gc,marking    ] GC(2) Concurrent Rebuild Remembered Sets
[2020-03-21T11:46:36.891-0100][gc,marking    ] GC(2) Concurrent Rebuild Remembered Sets 1.541ms
[2020-03-21T11:46:36.891-0100][gc,start      ] GC(2) Pause Cleanup
[2020-03-21T11:46:36.891-0100][gc            ] GC(2) Pause Cleanup 140M->140M(1024M) 0.153ms
[2020-03-21T11:46:36.891-0100][gc,cpu        ] GC(2) User=0.00s Sys=0.00s Real=0.00s
[2020-03-21T11:46:36.891-0100][gc,marking    ] GC(2) Concurrent Cleanup for Next Mark
[2020-03-21T11:46:36.896-0100][gc,marking    ] GC(2) Concurrent Cleanup for Next Mark 5.101ms
[2020-03-21T11:46:36.896-0100][gc            ] GC(2) Concurrent Cycle 11.234ms
[2020-03-21T11:46:37.286-0100][gc,start      ] GC(3) Pause Young (Normal) (G1 Evacuation Pause)
[2020-03-21T11:46:37.286-0100][gc,task       ] GC(3) Using 10 workers of 10 for evacuation
[2020-03-21T11:46:37.289-0100][gc,phases     ] GC(3)   Pre Evacuate Collection Set: 0.0ms
[2020-03-21T11:46:37.290-0100][gc,phases     ] GC(3)   Evacuate Collection Set: 2.7ms
[2020-03-21T11:46:37.290-0100][gc,phases     ] GC(3)   Post Evacuate Collection Set: 0.2ms
[2020-03-21T11:46:37.290-0100][gc,phases     ] GC(3)   Other: 0.1ms
[2020-03-21T11:46:37.290-0100][gc,heap       ] GC(3) Eden regions: 48->0(45)
[2020-03-21T11:46:37.290-0100][gc,heap       ] GC(3) Survivor regions: 3->6(7)
[2020-03-21T11:46:37.290-0100][gc,heap       ] GC(3) Old regions: 7->7
[2020-03-21T11:46:37.290-0100][gc,heap       ] GC(3) Archive regions: 2->2
[2020-03-21T11:46:37.290-0100][gc,heap       ] GC(3) Humongous regions: 130->130
[2020-03-21T11:46:37.290-0100][gc,metaspace  ] GC(3) Metaspace: 28695K->28695K(1075200K)
[2020-03-21T11:46:37.290-0100][gc            ] GC(3) Pause Young (Normal) (G1 Evacuation Pause) 186M->142M(1024M) 3.155ms
[2020-03-21T11:46:37.290-0100][gc,cpu        ] GC(3) User=0.03s Sys=0.00s Real=0.01s
[2020-03-21T11:50:23.764-0100][gc,start      ] GC(4) Pause Young (Normal) (G1 Evacuation Pause)
[2020-03-21T11:50:23.764-0100][gc,task       ] GC(4) Using 10 workers of 10 for evacuation
[2020-03-21T11:50:23.769-0100][gc,phases     ] GC(4)   Pre Evacuate Collection Set: 0.0ms
[2020-03-21T11:50:23.769-0100][gc,phases     ] GC(4)   Evacuate Collection Set: 4.5ms
[2020-03-21T11:50:23.769-0100][gc,phases     ] GC(4)   Post Evacuate Collection Set: 0.3ms
[2020-03-21T11:50:23.769-0100][gc,phases     ] GC(4)   Other: 0.2ms
[2020-03-21T11:50:23.769-0100][gc,heap       ] GC(4) Eden regions: 45->0(49)
[2020-03-21T11:50:23.769-0100][gc,heap       ] GC(4) Survivor regions: 6->2(7)
[2020-03-21T11:50:23.769-0100][gc,heap       ] GC(4) Old regions: 7->12
[2020-03-21T11:50:23.769-0100][gc,heap       ] GC(4) Archive regions: 2->2
[2020-03-21T11:50:23.769-0100][gc,heap       ] GC(4) Humongous regions: 136->130
[2020-03-21T11:50:23.769-0100][gc,metaspace  ] GC(4) Metaspace: 33291K->33291K(1079296K)
[2020-03-21T11:50:23.769-0100][gc            ] GC(4) Pause Young (Normal) (G1 Evacuation Pause) 193M->144M(1024M) 5.197ms
[2020-03-21T11:50:23.769-0100][gc,cpu        ] GC(4) User=0.03s Sys=0.00s Real=0.00s
[2020-03-21T11:55:25.316-0100][gc,start      ] GC(5) Pause Young (Concurrent Start) (Metadata GC Threshold)
[2020-03-21T11:55:25.316-0100][gc,task       ] GC(5) Using 10 workers of 10 for evacuation
[2020-03-21T11:55:25.322-0100][gc,phases     ] GC(5)   Pre Evacuate Collection Set: 0.1ms
[2020-03-21T11:55:25.322-0100][gc,phases     ] GC(5)   Evacuate Collection Set: 5.3ms
[2020-03-21T11:55:25.322-0100][gc,phases     ] GC(5)   Post Evacuate Collection Set: 0.3ms
[2020-03-21T11:55:25.322-0100][gc,phases     ] GC(5)   Other: 0.6ms
[2020-03-21T11:55:25.322-0100][gc,heap       ] GC(5) Eden regions: 35->0(48)
[2020-03-21T11:55:25.322-0100][gc,heap       ] GC(5) Survivor regions: 2->3(7)
[2020-03-21T11:55:25.322-0100][gc,heap       ] GC(5) Old regions: 12->12
[2020-03-21T11:55:25.322-0100][gc,heap       ] GC(5) Archive regions: 2->2
[2020-03-21T11:55:25.322-0100][gc,heap       ] GC(5) Humongous regions: 130->130
[2020-03-21T11:55:25.322-0100][gc,metaspace  ] GC(5) Metaspace: 34845K->34845K(1081344K)
[2020-03-21T11:55:25.322-0100][gc            ] GC(5) Pause Young (Concurrent Start) (Metadata GC Threshold) 178M->144M(1024M) 6.467ms
[2020-03-21T11:55:25.322-0100][gc,cpu        ] GC(5) User=0.03s Sys=0.01s Real=0.01s
[2020-03-21T11:55:25.322-0100][gc            ] GC(6) Concurrent Cycle
[2020-03-21T11:55:25.323-0100][gc,marking    ] GC(6) Concurrent Clear Claimed Marks
[2020-03-21T11:55:25.323-0100][gc,marking    ] GC(6) Concurrent Clear Claimed Marks 0.058ms
[2020-03-21T11:55:25.323-0100][gc,marking    ] GC(6) Concurrent Scan Root Regions
[2020-03-21T11:55:25.324-0100][gc,marking    ] GC(6) Concurrent Scan Root Regions 1.717ms
[2020-03-21T11:55:25.324-0100][gc,marking    ] GC(6) Concurrent Mark (529.864s)
[2020-03-21T11:55:25.324-0100][gc,marking    ] GC(6) Concurrent Mark From Roots
[2020-03-21T11:55:25.324-0100][gc,task       ] GC(6) Using 3 workers of 3 for marking
[2020-03-21T11:55:25.334-0100][gc,marking    ] GC(6) Concurrent Mark From Roots 9.286ms
[2020-03-21T11:55:25.334-0100][gc,marking    ] GC(6) Concurrent Preclean
[2020-03-21T11:55:25.334-0100][gc,marking    ] GC(6) Concurrent Preclean 0.076ms
[2020-03-21T11:55:25.334-0100][gc,marking    ] GC(6) Concurrent Mark (529.864s, 529.874s) 9.430ms
[2020-03-21T11:55:25.334-0100][gc,start      ] GC(6) Pause Remark
[2020-03-21T11:55:25.336-0100][gc,stringtable] GC(6) Cleaned string table, strings: 12614 processed, 7 removed
[2020-03-21T11:55:25.336-0100][gc            ] GC(6) Pause Remark 145M->145M(1024M) 2.210ms
[2020-03-21T11:55:25.336-0100][gc,cpu        ] GC(6) User=0.02s Sys=0.01s Real=0.00s
[2020-03-21T11:55:25.336-0100][gc,marking    ] GC(6) Concurrent Rebuild Remembered Sets
[2020-03-21T11:55:25.340-0100][gc,marking    ] GC(6) Concurrent Rebuild Remembered Sets 4.102ms
[2020-03-21T11:55:25.341-0100][gc,start      ] GC(6) Pause Cleanup
[2020-03-21T11:55:25.341-0100][gc            ] GC(6) Pause Cleanup 145M->145M(1024M) 0.206ms
[2020-03-21T11:55:25.341-0100][gc,cpu        ] GC(6) User=0.00s Sys=0.00s Real=0.00s
[2020-03-21T11:55:25.341-0100][gc,marking    ] GC(6) Concurrent Cleanup for Next Mark
[2020-03-21T11:55:25.346-0100][gc,marking    ] GC(6) Concurrent Cleanup for Next Mark 5.480ms
[2020-03-21T11:55:25.346-0100][gc            ] GC(6) Concurrent Cycle 23.851ms
[2020-03-21T12:07:37.507-0100][gc,start      ] GC(7) Pause Young (Normal) (G1 Evacuation Pause)
[2020-03-21T12:07:37.507-0100][gc,task       ] GC(7) Using 10 workers of 10 for evacuation
[2020-03-21T12:07:37.510-0100][gc,phases     ] GC(7)   Pre Evacuate Collection Set: 0.0ms
[2020-03-21T12:07:37.510-0100][gc,phases     ] GC(7)   Evacuate Collection Set: 3.1ms
[2020-03-21T12:07:37.510-0100][gc,phases     ] GC(7)   Post Evacuate Collection Set: 0.3ms
[2020-03-21T12:07:37.510-0100][gc,phases     ] GC(7)   Other: 0.2ms
[2020-03-21T12:07:37.510-0100][gc,heap       ] GC(7) Eden regions: 48->0(48)
[2020-03-21T12:07:37.510-0100][gc,heap       ] GC(7) Survivor regions: 3->3(7)
[2020-03-21T12:07:37.510-0100][gc,heap       ] GC(7) Old regions: 12->12
[2020-03-21T12:07:37.510-0100][gc,heap       ] GC(7) Archive regions: 2->2
[2020-03-21T12:07:37.510-0100][gc,heap       ] GC(7) Humongous regions: 130->130
[2020-03-21T12:07:37.510-0100][gc,metaspace  ] GC(7) Metaspace: 35239K->35239K(1081344K)
[2020-03-21T12:07:37.510-0100][gc            ] GC(7) Pause Young (Normal) (G1 Evacuation Pause) 192M->145M(1024M) 3.716ms
[2020-03-21T12:07:37.510-0100][gc,cpu        ] GC(7) User=0.02s Sys=0.01s Real=0.01s
[2020-03-21T12:16:45.533-0100][gc,start      ] GC(8) Pause Young (Normal) (G1 Evacuation Pause)
[2020-03-21T12:16:45.533-0100][gc,task       ] GC(8) Using 10 workers of 10 for evacuation
[2020-03-21T12:16:45.536-0100][gc,phases     ] GC(8)   Pre Evacuate Collection Set: 0.1ms
[2020-03-21T12:16:45.537-0100][gc,phases     ] GC(8)   Evacuate Collection Set: 2.5ms
[2020-03-21T12:16:45.537-0100][gc,phases     ] GC(8)   Post Evacuate Collection Set: 0.3ms
[2020-03-21T12:16:45.537-0100][gc,phases     ] GC(8)   Other: 0.2ms
[2020-03-21T12:16:45.537-0100][gc,heap       ] GC(8) Eden regions: 48->0(47)
[2020-03-21T12:16:45.537-0100][gc,heap       ] GC(8) Survivor regions: 3->4(7)
[2020-03-21T12:16:45.537-0100][gc,heap       ] GC(8) Old regions: 12->12
[2020-03-21T12:16:45.537-0100][gc,heap       ] GC(8) Archive regions: 2->2
[2020-03-21T12:16:45.537-0100][gc,heap       ] GC(8) Humongous regions: 130->130
[2020-03-21T12:16:45.537-0100][gc,metaspace  ] GC(8) Metaspace: 35488K->35488K(1081344K)
[2020-03-21T12:16:45.537-0100][gc            ] GC(8) Pause Young (Normal) (G1 Evacuation Pause) 193M->145M(1024M) 3.325ms
[2020-03-21T12:16:45.537-0100][gc,cpu        ] GC(8) User=0.03s Sys=0.00s Real=0.00s
[2020-03-21T12:28:32.508-0100][gc,start      ] GC(9) Pause Young (Normal) (G1 Evacuation Pause)
[2020-03-21T12:28:32.509-0100][gc,task       ] GC(9) Using 10 workers of 10 for evacuation
[2020-03-21T12:28:32.519-0100][gc,phases     ] GC(9)   Pre Evacuate Collection Set: 0.0ms
[2020-03-21T12:28:32.519-0100][gc,phases     ] GC(9)   Evacuate Collection Set: 9.6ms
[2020-03-21T12:28:32.519-0100][gc,phases     ] GC(9)   Post Evacuate Collection Set: 0.3ms
[2020-03-21T12:28:32.519-0100][gc,phases     ] GC(9)   Other: 1.3ms
[2020-03-21T12:28:32.519-0100][gc,heap       ] GC(9) Eden regions: 47->0(47)
[2020-03-21T12:28:32.519-0100][gc,heap       ] GC(9) Survivor regions: 4->4(7)
[2020-03-21T12:28:32.519-0100][gc,heap       ] GC(9) Old regions: 12->12
[2020-03-21T12:28:32.519-0100][gc,heap       ] GC(9) Archive regions: 2->2
[2020-03-21T12:28:32.519-0100][gc,heap       ] GC(9) Humongous regions: 130->130
[2020-03-21T12:28:32.519-0100][gc,metaspace  ] GC(9) Metaspace: 35597K->35597K(1081344K)
[2020-03-21T12:28:32.519-0100][gc            ] GC(9) Pause Young (Normal) (G1 Evacuation Pause) 192M->145M(1024M) 11.353ms
[2020-03-21T12:28:32.519-0100][gc,cpu        ] GC(9) User=0.03s Sys=0.03s Real=0.01s
[2020-03-21T13:38:15.514-0100][gc,start      ] GC(10) Pause Young (Normal) (G1 Evacuation Pause)
[2020-03-21T13:38:15.514-0100][gc,task       ] GC(10) Using 10 workers of 10 for evacuation
[2020-03-21T13:38:15.517-0100][gc,phases     ] GC(10)   Pre Evacuate Collection Set: 0.0ms
[2020-03-21T13:38:15.518-0100][gc,phases     ] GC(10)   Evacuate Collection Set: 2.9ms
[2020-03-21T13:38:15.518-0100][gc,phases     ] GC(10)   Post Evacuate Collection Set: 0.3ms
[2020-03-21T13:38:15.518-0100][gc,phases     ] GC(10)   Other: 0.2ms
[2020-03-21T13:38:15.518-0100][gc,heap       ] GC(10) Eden regions: 47->0(52)
[2020-03-21T13:38:15.518-0100][gc,heap       ] GC(10) Survivor regions: 4->4(7)
[2020-03-21T13:38:15.518-0100][gc,heap       ] GC(10) Old regions: 12->12
[2020-03-21T13:38:15.518-0100][gc,heap       ] GC(10) Archive regions: 2->2
[2020-03-21T13:38:15.518-0100][gc,heap       ] GC(10) Humongous regions: 130->130
[2020-03-21T13:38:15.518-0100][gc,metaspace  ] GC(10) Metaspace: 35686K->35686K(1081344K)
[2020-03-21T13:38:15.518-0100][gc            ] GC(10) Pause Young (Normal) (G1 Evacuation Pause) 192M->145M(1024M) 3.542ms
[2020-03-21T13:38:15.518-0100][gc,cpu        ] GC(10) User=0.02s Sys=0.00s Real=0.00s
[2020-03-21T13:46:59.079-0100][gc,start      ] GC(11) Pause Young (Normal) (G1 Evacuation Pause)
[2020-03-21T13:46:59.079-0100][gc,task       ] GC(11) Using 10 workers of 10 for evacuation
[2020-03-21T13:46:59.089-0100][gc,phases     ] GC(11)   Pre Evacuate Collection Set: 1.2ms
[2020-03-21T13:46:59.089-0100][gc,phases     ] GC(11)   Evacuate Collection Set: 8.1ms
[2020-03-21T13:46:59.089-0100][gc,phases     ] GC(11)   Post Evacuate Collection Set: 0.4ms
[2020-03-21T13:46:59.089-0100][gc,phases     ] GC(11)   Other: 0.4ms
[2020-03-21T13:46:59.089-0100][gc,heap       ] GC(11) Eden regions: 52->0(63)
[2020-03-21T13:46:59.089-0100][gc,heap       ] GC(11) Survivor regions: 4->4(7)
[2020-03-21T13:46:59.089-0100][gc,heap       ] GC(11) Old regions: 12->12
[2020-03-21T13:46:59.089-0100][gc,heap       ] GC(11) Archive regions: 2->2
[2020-03-21T13:46:59.089-0100][gc,heap       ] GC(11) Humongous regions: 130->130
[2020-03-21T13:46:59.089-0100][gc,metaspace  ] GC(11) Metaspace: 35762K->35762K(1081344K)
[2020-03-21T13:46:59.089-0100][gc            ] GC(11) Pause Young (Normal) (G1 Evacuation Pause) 197M->146M(1024M) 10.206ms
[2020-03-21T13:46:59.089-0100][gc,cpu        ] GC(11) User=0.03s Sys=0.03s Real=0.01s
[2020-03-21T13:58:14.807-0100][gc,start      ] GC(12) Pause Young (Normal) (G1 Evacuation Pause)
[2020-03-21T13:58:14.809-0100][gc,task       ] GC(12) Using 10 workers of 10 for evacuation
[2020-03-21T13:58:14.836-0100][gc,mmu        ] GC(12) MMU target violated: 21.0ms (20.0ms/21.0ms)
[2020-03-21T13:58:14.836-0100][gc,phases     ] GC(12)   Pre Evacuate Collection Set: 0.2ms
[2020-03-21T13:58:14.836-0100][gc,phases     ] GC(12)   Evacuate Collection Set: 19.3ms
[2020-03-21T13:58:14.836-0100][gc,phases     ] GC(12)   Post Evacuate Collection Set: 3.4ms
[2020-03-21T13:58:14.836-0100][gc,phases     ] GC(12)   Other: 6.1ms
[2020-03-21T13:58:14.836-0100][gc,heap       ] GC(12) Eden regions: 63->0(65)
[2020-03-21T13:58:14.836-0100][gc,heap       ] GC(12) Survivor regions: 4->4(9)
[2020-03-21T13:58:14.836-0100][gc,heap       ] GC(12) Old regions: 12->12
[2020-03-21T13:58:14.836-0100][gc,heap       ] GC(12) Archive regions: 2->2
[2020-03-21T13:58:14.836-0100][gc,heap       ] GC(12) Humongous regions: 130->130
[2020-03-21T13:58:14.836-0100][gc,metaspace  ] GC(12) Metaspace: 35800K->35800K(1081344K)
[2020-03-21T13:58:14.837-0100][gc            ] GC(12) Pause Young (Normal) (G1 Evacuation Pause) 209M->146M(1024M) 29.054ms
[2020-03-21T13:58:14.837-0100][gc,cpu        ] GC(12) User=0.04s Sys=0.01s Real=0.03s
[2020-03-21T14:08:52.199-0100][gc,start      ] GC(13) Pause Young (Normal) (G1 Evacuation Pause)
[2020-03-21T14:08:52.199-0100][gc,task       ] GC(13) Using 10 workers of 10 for evacuation
[2020-03-21T14:08:52.209-0100][gc,phases     ] GC(13)   Pre Evacuate Collection Set: 0.1ms
[2020-03-21T14:08:52.209-0100][gc,phases     ] GC(13)   Evacuate Collection Set: 7.6ms
[2020-03-21T14:08:52.209-0100][gc,phases     ] GC(13)   Post Evacuate Collection Set: 1.5ms
[2020-03-21T14:08:52.209-0100][gc,phases     ] GC(13)   Other: 0.8ms
[2020-03-21T14:08:52.209-0100][gc,heap       ] GC(13) Eden regions: 65->0(69)
[2020-03-21T14:08:52.209-0100][gc,heap       ] GC(13) Survivor regions: 4->4(9)
[2020-03-21T14:08:52.209-0100][gc,heap       ] GC(13) Old regions: 12->12
[2020-03-21T14:08:52.209-0100][gc,heap       ] GC(13) Archive regions: 2->2
[2020-03-21T14:08:52.209-0100][gc,heap       ] GC(13) Humongous regions: 130->130
[2020-03-21T14:08:52.209-0100][gc,metaspace  ] GC(13) Metaspace: 35899K->35899K(1081344K)
[2020-03-21T14:08:52.209-0100][gc            ] GC(13) Pause Young (Normal) (G1 Evacuation Pause) 211M->146M(1024M) 10.451ms
[2020-03-21T14:08:52.209-0100][gc,cpu        ] GC(13) User=0.05s Sys=0.01s Real=0.01s
[2020-03-21T14:40:09.795-0100][gc,start      ] GC(14) Pause Young (Normal) (G1 Evacuation Pause)
[2020-03-21T14:40:09.795-0100][gc,task       ] GC(14) Using 10 workers of 10 for evacuation
[2020-03-21T14:40:09.799-0100][gc,phases     ] GC(14)   Pre Evacuate Collection Set: 0.0ms
[2020-03-21T14:40:09.799-0100][gc,phases     ] GC(14)   Evacuate Collection Set: 3.5ms
[2020-03-21T14:40:09.799-0100][gc,phases     ] GC(14)   Post Evacuate Collection Set: 0.3ms
[2020-03-21T14:40:09.799-0100][gc,phases     ] GC(14)   Other: 0.2ms
[2020-03-21T14:40:09.799-0100][gc,heap       ] GC(14) Eden regions: 69->0(73)
[2020-03-21T14:40:09.799-0100][gc,heap       ] GC(14) Survivor regions: 4->5(10)
[2020-03-21T14:40:09.799-0100][gc,heap       ] GC(14) Old regions: 12->12
[2020-03-21T14:40:09.799-0100][gc,heap       ] GC(14) Archive regions: 2->2
[2020-03-21T14:40:09.799-0100][gc,heap       ] GC(14) Humongous regions: 130->130
[2020-03-21T14:40:09.799-0100][gc,metaspace  ] GC(14) Metaspace: 35957K->35957K(1081344K)
[2020-03-21T14:40:09.799-0100][gc            ] GC(14) Pause Young (Normal) (G1 Evacuation Pause) 215M->146M(1024M) 4.165ms
[2020-03-21T14:40:09.799-0100][gc,cpu        ] GC(14) User=0.02s Sys=0.01s Real=0.00s
[2020-03-21T14:52:17.901-0100][gc,start      ] GC(15) Pause Young (Normal) (G1 Evacuation Pause)
[2020-03-21T14:52:17.901-0100][gc,task       ] GC(15) Using 10 workers of 10 for evacuation
[2020-03-21T14:52:17.908-0100][gc,phases     ] GC(15)   Pre Evacuate Collection Set: 0.0ms
[2020-03-21T14:52:17.908-0100][gc,phases     ] GC(15)   Evacuate Collection Set: 6.3ms
[2020-03-21T14:52:17.908-0100][gc,phases     ] GC(15)   Post Evacuate Collection Set: 0.4ms
[2020-03-21T14:52:17.908-0100][gc,phases     ] GC(15)   Other: 0.3ms
[2020-03-21T14:52:17.908-0100][gc,heap       ] GC(15) Eden regions: 73->0(609)
[2020-03-21T14:52:17.908-0100][gc,heap       ] GC(15) Survivor regions: 5->5(10)
[2020-03-21T14:52:17.908-0100][gc,heap       ] GC(15) Old regions: 12->12
[2020-03-21T14:52:17.908-0100][gc,heap       ] GC(15) Archive regions: 2->2
[2020-03-21T14:52:17.908-0100][gc,heap       ] GC(15) Humongous regions: 130->130
[2020-03-21T14:52:17.908-0100][gc,metaspace  ] GC(15) Metaspace: 36005K->36005K(1081344K)
[2020-03-21T14:52:17.908-0100][gc            ] GC(15) Pause Young (Normal) (G1 Evacuation Pause) 219M->146M(1024M) 7.040ms
[2020-03-21T14:52:17.908-0100][gc,cpu        ] GC(15) User=0.03s Sys=0.01s Real=0.00s
[2020-03-22T10:38:07.123-0100][gc,start      ] GC(16) Pause Young (Normal) (G1 Evacuation Pause)
[2020-03-22T10:38:07.124-0100][gc,task       ] GC(16) Using 10 workers of 10 for evacuation
[2020-03-22T10:38:07.146-0100][gc,mmu        ] GC(16) MMU target violated: 21.0ms (20.0ms/21.0ms)
[2020-03-22T10:38:07.146-0100][gc,phases     ] GC(16)   Pre Evacuate Collection Set: 0.6ms
[2020-03-22T10:38:07.146-0100][gc,phases     ] GC(16)   Evacuate Collection Set: 16.1ms
[2020-03-22T10:38:07.146-0100][gc,phases     ] GC(16)   Post Evacuate Collection Set: 2.5ms
[2020-03-22T10:38:07.146-0100][gc,phases     ] GC(16)   Other: 3.6ms
[2020-03-22T10:38:07.146-0100][gc,heap       ] GC(16) Eden regions: 609->0(610)
[2020-03-22T10:38:07.146-0100][gc,heap       ] GC(16) Survivor regions: 5->4(77)
[2020-03-22T10:38:07.146-0100][gc,heap       ] GC(16) Old regions: 12->12
[2020-03-22T10:38:07.146-0100][gc,heap       ] GC(16) Archive regions: 2->2
[2020-03-22T10:38:07.146-0100][gc,heap       ] GC(16) Humongous regions: 130->130
[2020-03-22T10:38:07.146-0100][gc,metaspace  ] GC(16) Metaspace: 36183K->36183K(1081344K)
[2020-03-22T10:38:07.146-0100][gc            ] GC(16) Pause Young (Normal) (G1 Evacuation Pause) 755M->145M(1024M) 22.813ms
[2020-03-22T10:38:07.146-0100][gc,cpu        ] GC(16) User=0.03s Sys=0.04s Real=0.02s
[2020-03-22T12:42:37.159-0100][gc,start      ] GC(17) Pause Young (Normal) (G1 Evacuation Pause)
[2020-03-22T12:42:37.160-0100][gc,task       ] GC(17) Using 10 workers of 10 for evacuation
[2020-03-22T12:42:37.180-0100][gc,phases     ] GC(17)   Pre Evacuate Collection Set: 0.5ms
[2020-03-22T12:42:37.180-0100][gc,phases     ] GC(17)   Evacuate Collection Set: 14.2ms
[2020-03-22T12:42:37.180-0100][gc,phases     ] GC(17)   Post Evacuate Collection Set: 2.4ms
[2020-03-22T12:42:37.180-0100][gc,phases     ] GC(17)   Other: 4.4ms
[2020-03-22T12:42:37.180-0100][gc,heap       ] GC(17) Eden regions: 610->0(609)
[2020-03-22T12:42:37.180-0100][gc,heap       ] GC(17) Survivor regions: 4->5(77)
[2020-03-22T12:42:37.180-0100][gc,heap       ] GC(17) Old regions: 12->12
[2020-03-22T12:42:37.180-0100][gc,heap       ] GC(17) Archive regions: 2->2
[2020-03-22T12:42:37.180-0100][gc,heap       ] GC(17) Humongous regions: 130->130
[2020-03-22T12:42:37.180-0100][gc,metaspace  ] GC(17) Metaspace: 36312K->36312K(1081344K)
[2020-03-22T12:42:37.180-0100][gc            ] GC(17) Pause Young (Normal) (G1 Evacuation Pause) 755M->146M(1024M) 20.583ms
[2020-03-22T12:42:37.180-0100][gc,cpu        ] GC(17) User=0.04s Sys=0.07s Real=0.03s
[2020-03-22T13:15:34.078-0100][gc,start      ] GC(18) Pause Young (Normal) (G1 Evacuation Pause)
[2020-03-22T13:15:34.079-0100][gc,task       ] GC(18) Using 10 workers of 10 for evacuation
[2020-03-22T13:15:34.091-0100][gc,phases     ] GC(18)   Pre Evacuate Collection Set: 0.4ms
[2020-03-22T13:15:34.091-0100][gc,phases     ] GC(18)   Evacuate Collection Set: 11.2ms
[2020-03-22T13:15:34.091-0100][gc,phases     ] GC(18)   Post Evacuate Collection Set: 0.6ms
[2020-03-22T13:15:34.091-0100][gc,phases     ] GC(18)   Other: 0.8ms
[2020-03-22T13:15:34.091-0100][gc,heap       ] GC(18) Eden regions: 168->0(244)
[2020-03-22T13:15:34.091-0100][gc,heap       ] GC(18) Survivor regions: 5->5(22)
[2020-03-22T13:15:34.091-0100][gc,heap       ] GC(18) Old regions: 12->12
[2020-03-22T13:15:34.091-0100][gc,heap       ] GC(18) Archive regions: 2->2
[2020-03-22T13:15:34.091-0100][gc,heap       ] GC(18) Humongous regions: 130->130
[2020-03-22T13:15:34.091-0100][gc,metaspace  ] GC(18) Metaspace: 36645K->36645K(1083392K)
[2020-03-22T13:15:34.091-0100][gc            ] GC(18) Pause Young (Normal) (G1 Evacuation Pause) 314M->146M(1024M) 13.123ms
[2020-03-22T13:15:34.091-0100][gc,cpu        ] GC(18) User=0.03s Sys=0.05s Real=0.02s
[2020-03-22T13:15:38.009-0100][gc,heap,exit  ] Heap
[2020-03-22T13:15:38.009-0100][gc,heap,exit  ]  garbage-first heap   total 1048576K, used 155363K [0x00000007c0000000, 0x0000000800000000)
[2020-03-22T13:15:38.009-0100][gc,heap,exit  ]   region size 1024K, 12 young (12288K), 5 survivors (5120K)
[2020-03-22T13:15:38.009-0100][gc,heap,exit  ]  Metaspace       used 36947K, capacity 37595K, committed 38064K, reserved 1083392K
[2020-03-22T13:15:38.009-0100][gc,heap,exit  ]   class space    used 4651K, capacity 4854K, committed 4864K, reserved 1048576K
