[2020-03-21T11:45:44.467-0100][gc,heap] Heap region size: 1M
[2020-03-21T11:45:44.476-0100][gc     ] Using G1
[2020-03-21T11:45:44.476-0100][gc,heap,coops] Heap address: 0x00000007c0000000, size: 1024 MB, Compressed Oops mode: Zero based, Oop shift amount: 3
[2020-03-21T11:45:44.476-0100][gc,cds       ] Mark closed archive regions in map: [0x00000007fff00000, 0x00000007fff6fff8]
[2020-03-21T11:45:44.476-0100][gc,cds       ] Mark open archive regions in map: [0x00000007ffe00000, 0x00000007ffe45ff8]
[2020-03-21T11:45:44.492-0100][gc           ] Periodic GC disabled
[2020-03-21T11:45:45.507-0100][gc,start     ] GC(0) Pause Young (Normal) (G1 Evacuation Pause)
[2020-03-21T11:45:45.508-0100][gc,task      ] GC(0) Using 10 workers of 10 for evacuation
[2020-03-21T11:45:45.516-0100][gc,phases    ] GC(0)   Pre Evacuate Collection Set: 0.0ms
[2020-03-21T11:45:45.516-0100][gc,phases    ] GC(0)   Evacuate Collection Set: 7.6ms
[2020-03-21T11:45:45.516-0100][gc,phases    ] GC(0)   Post Evacuate Collection Set: 0.3ms
[2020-03-21T11:45:45.516-0100][gc,phases    ] GC(0)   Other: 0.7ms
[2020-03-21T11:45:45.516-0100][gc,heap      ] GC(0) Eden regions: 51->0(44)
[2020-03-21T11:45:45.516-0100][gc,heap      ] GC(0) Survivor regions: 0->7(7)
[2020-03-21T11:45:45.516-0100][gc,heap      ] GC(0) Old regions: 0->0
[2020-03-21T11:45:45.516-0100][gc,heap      ] GC(0) Archive regions: 2->2
[2020-03-21T11:45:45.516-0100][gc,heap      ] GC(0) Humongous regions: 1->1
[2020-03-21T11:45:45.516-0100][gc,metaspace ] GC(0) Metaspace: 14232K->14232K(1062912K)
[2020-03-21T11:45:45.516-0100][gc           ] GC(0) Pause Young (Normal) (G1 Evacuation Pause) 52M->7M(1024M) 8.716ms
[2020-03-21T11:45:45.516-0100][gc,cpu       ] GC(0) User=0.03s Sys=0.01s Real=0.01s
[2020-03-21T11:45:46.130-0100][gc,start     ] GC(1) Pause Young (Concurrent Start) (Metadata GC Threshold)
[2020-03-21T11:45:46.130-0100][gc,task      ] GC(1) Using 10 workers of 10 for evacuation
[2020-03-21T11:45:46.137-0100][gc,phases    ] GC(1)   Pre Evacuate Collection Set: 0.0ms
[2020-03-21T11:45:46.137-0100][gc,phases    ] GC(1)   Evacuate Collection Set: 6.2ms
[2020-03-21T11:45:46.137-0100][gc,phases    ] GC(1)   Post Evacuate Collection Set: 0.3ms
[2020-03-21T11:45:46.137-0100][gc,phases    ] GC(1)   Other: 0.2ms
[2020-03-21T11:45:46.137-0100][gc,heap      ] GC(1) Eden regions: 37->0(49)
[2020-03-21T11:45:46.137-0100][gc,heap      ] GC(1) Survivor regions: 7->2(7)
[2020-03-21T11:45:46.137-0100][gc,heap      ] GC(1) Old regions: 0->7
[2020-03-21T11:45:46.137-0100][gc,heap      ] GC(1) Archive regions: 2->2
[2020-03-21T11:45:46.137-0100][gc,heap      ] GC(1) Humongous regions: 130->130
[2020-03-21T11:45:46.137-0100][gc,metaspace ] GC(1) Metaspace: 20526K->20526K(1067008K)
[2020-03-21T11:45:46.137-0100][gc           ] GC(1) Pause Young (Concurrent Start) (Metadata GC Threshold) 173M->138M(1024M) 6.846ms
[2020-03-21T11:45:46.137-0100][gc,cpu       ] GC(1) User=0.03s Sys=0.00s Real=0.00s
[2020-03-21T11:45:46.137-0100][gc           ] GC(2) Concurrent Cycle
[2020-03-21T11:45:46.137-0100][gc,marking   ] GC(2) Concurrent Clear Claimed Marks
[2020-03-21T11:45:46.137-0100][gc,marking   ] GC(2) Concurrent Clear Claimed Marks 0.019ms
[2020-03-21T11:45:46.137-0100][gc,marking   ] GC(2) Concurrent Scan Root Regions
[2020-03-21T11:45:46.138-0100][gc,marking   ] GC(2) Concurrent Scan Root Regions 1.461ms
[2020-03-21T11:45:46.138-0100][gc,marking   ] GC(2) Concurrent Mark (1.682s)
[2020-03-21T11:45:46.138-0100][gc,marking   ] GC(2) Concurrent Mark From Roots
[2020-03-21T11:45:46.138-0100][gc,task      ] GC(2) Using 3 workers of 3 for marking
[2020-03-21T11:45:46.139-0100][gc,marking   ] GC(2) Concurrent Mark From Roots 1.127ms
[2020-03-21T11:45:46.139-0100][gc,marking   ] GC(2) Concurrent Preclean
[2020-03-21T11:45:46.140-0100][gc,marking   ] GC(2) Concurrent Preclean 0.035ms
[2020-03-21T11:45:46.140-0100][gc,marking   ] GC(2) Concurrent Mark (1.682s, 1.683s) 1.215ms
[2020-03-21T11:45:46.140-0100][gc,start     ] GC(2) Pause Remark
[2020-03-21T11:45:46.140-0100][gc,stringtable] GC(2) Cleaned string table, strings: 5879 processed, 0 removed
[2020-03-21T11:45:46.140-0100][gc            ] GC(2) Pause Remark 139M->139M(1024M) 0.739ms
[2020-03-21T11:45:46.140-0100][gc,cpu        ] GC(2) User=0.01s Sys=0.00s Real=0.00s
[2020-03-21T11:45:46.140-0100][gc,marking    ] GC(2) Concurrent Rebuild Remembered Sets
[2020-03-21T11:45:46.142-0100][gc,marking    ] GC(2) Concurrent Rebuild Remembered Sets 1.405ms
[2020-03-21T11:45:46.142-0100][gc,start      ] GC(2) Pause Cleanup
[2020-03-21T11:45:46.142-0100][gc            ] GC(2) Pause Cleanup 140M->140M(1024M) 0.119ms
[2020-03-21T11:45:46.142-0100][gc,cpu        ] GC(2) User=0.00s Sys=0.00s Real=0.00s
[2020-03-21T11:45:46.142-0100][gc,marking    ] GC(2) Concurrent Cleanup for Next Mark
[2020-03-21T11:45:46.147-0100][gc,marking    ] GC(2) Concurrent Cleanup for Next Mark 5.056ms
[2020-03-21T11:45:46.147-0100][gc            ] GC(2) Concurrent Cycle 10.533ms
[2020-03-21T11:45:46.623-0100][gc,start      ] GC(3) Pause Young (Normal) (G1 Evacuation Pause)
[2020-03-21T11:45:46.623-0100][gc,task       ] GC(3) Using 10 workers of 10 for evacuation
[2020-03-21T11:45:46.628-0100][gc,phases     ] GC(3)   Pre Evacuate Collection Set: 0.0ms
[2020-03-21T11:45:46.628-0100][gc,phases     ] GC(3)   Evacuate Collection Set: 4.2ms
[2020-03-21T11:45:46.628-0100][gc,phases     ] GC(3)   Post Evacuate Collection Set: 0.2ms
[2020-03-21T11:45:46.628-0100][gc,phases     ] GC(3)   Other: 0.1ms
[2020-03-21T11:45:46.628-0100][gc,heap       ] GC(3) Eden regions: 49->0(45)
[2020-03-21T11:45:46.628-0100][gc,heap       ] GC(3) Survivor regions: 2->6(7)
[2020-03-21T11:45:46.628-0100][gc,heap       ] GC(3) Old regions: 7->7
[2020-03-21T11:45:46.628-0100][gc,heap       ] GC(3) Archive regions: 2->2
[2020-03-21T11:45:46.628-0100][gc,heap       ] GC(3) Humongous regions: 130->130
[2020-03-21T11:45:46.628-0100][gc,metaspace  ] GC(3) Metaspace: 28559K->28559K(1075200K)
[2020-03-21T11:45:46.628-0100][gc            ] GC(3) Pause Young (Normal) (G1 Evacuation Pause) 187M->142M(1024M) 4.651ms
[2020-03-21T11:45:46.628-0100][gc,cpu        ] GC(3) User=0.03s Sys=0.00s Real=0.00s
[2020-03-21T11:46:22.791-0100][gc,heap,exit  ] Heap
[2020-03-21T11:46:22.791-0100][gc,heap,exit  ]  garbage-first heap   total 1048576K, used 185567K [0x00000007c0000000, 0x0000000800000000)
[2020-03-21T11:46:22.791-0100][gc,heap,exit  ]   region size 1024K, 40 young (40960K), 6 survivors (6144K)
[2020-03-21T11:46:22.791-0100][gc,heap,exit  ]  Metaspace       used 31735K, capacity 32203K, committed 32944K, reserved 1077248K
[2020-03-21T11:46:22.791-0100][gc,heap,exit  ]   class space    used 4128K, capacity 4274K, committed 4352K, reserved 1048576K
